CRITICAL - 2026-05-20 10:41:06 --> ErrorException: Undefined property: App\Controllers\BukuController::$bukuModel
[Method: GET, Route: api/buku]
in APPPATH\Controllers\BukuController.php on line 19.
 1 APPPATH\Controllers\BukuController.php(19): CodeIgniter\Debug\Exceptions->errorHandler(2, 'Undefined property: App\\Controllers\\BukuController::$bukuModel', 'C:\\Users\\loma\\Parenthesis Library Project\\Backend Library\\app\\Controllers\\BukuController.php', 19)
 2 SYSTEMPATH\CodeIgniter.php(951): App\Controllers\BukuController->index()
 3 SYSTEMPATH\CodeIgniter.php(497): CodeIgniter\CodeIgniter->runController(Object(App\Controllers\BukuController))
 4 SYSTEMPATH\CodeIgniter.php(340): CodeIgniter\CodeIgniter->handleRequest(null, Object(Config\Cache), false)
 5 SYSTEMPATH\Boot.php(417): CodeIgniter\CodeIgniter->run()
 6 SYSTEMPATH\Boot.php(68): CodeIgniter\Boot::runCodeIgniter(Object(CodeIgniter\CodeIgniter))
 7 FCPATH\index.php(70): CodeIgniter\Boot::bootWeb(Object(Config\Paths))
 8 SYSTEMPATH\rewrite.php(44): require_once('C:\\Users\\loma\\Parenthesis Library Project\\Backend Library\\public\\index.php')
CRITICAL - 2026-05-20 10:41:07 --> ErrorException: Undefined property: App\Controllers\BukuController::$bukuModel
[Method: GET, Route: api/buku]
in APPPATH\Controllers\BukuController.php on line 19.
 1 APPPATH\Controllers\BukuController.php(19): CodeIgniter\Debug\Exceptions->errorHandler(2, 'Undefined property: App\\Controllers\\BukuController::$bukuModel', 'C:\\Users\\loma\\Parenthesis Library Project\\Backend Library\\app\\Controllers\\BukuController.php', 19)
 2 SYSTEMPATH\CodeIgniter.php(951): App\Controllers\BukuController->index()
 3 SYSTEMPATH\CodeIgniter.php(497): CodeIgniter\CodeIgniter->runController(Object(App\Controllers\BukuController))
 4 SYSTEMPATH\CodeIgniter.php(340): CodeIgniter\CodeIgniter->handleRequest(null, Object(Config\Cache), false)
 5 SYSTEMPATH\Boot.php(417): CodeIgniter\CodeIgniter->run()
 6 SYSTEMPATH\Boot.php(68): CodeIgniter\Boot::runCodeIgniter(Object(CodeIgniter\CodeIgniter))
 7 FCPATH\index.php(70): CodeIgniter\Boot::bootWeb(Object(Config\Paths))
 8 SYSTEMPATH\rewrite.php(44): require_once('C:\\Users\\loma\\Parenthesis Library Project\\Backend Library\\public\\index.php')
CRITICAL - 2026-05-20 10:41:07 --> ErrorException: Undefined property: App\Controllers\BukuController::$bukuModel
[Method: GET, Route: api/buku]
in APPPATH\Controllers\BukuController.php on line 19.
 1 APPPATH\Controllers\BukuController.php(19): CodeIgniter\Debug\Exceptions->errorHandler(2, 'Undefined property: App\\Controllers\\BukuController::$bukuModel', 'C:\\Users\\loma\\Parenthesis Library Project\\Backend Library\\app\\Controllers\\BukuController.php', 19)
 2 SYSTEMPATH\CodeIgniter.php(951): App\Controllers\BukuController->index()
 3 SYSTEMPATH\CodeIgniter.php(497): CodeIgniter\CodeIgniter->runController(Object(App\Controllers\BukuController))
 4 SYSTEMPATH\CodeIgniter.php(340): CodeIgniter\CodeIgniter->handleRequest(null, Object(Config\Cache), false)
 5 SYSTEMPATH\Boot.php(417): CodeIgniter\CodeIgniter->run()
 6 SYSTEMPATH\Boot.php(68): CodeIgniter\Boot::runCodeIgniter(Object(CodeIgniter\CodeIgniter))
 7 FCPATH\index.php(70): CodeIgniter\Boot::bootWeb(Object(Config\Paths))
 8 SYSTEMPATH\rewrite.php(44): require_once('C:\\Users\\loma\\Parenthesis Library Project\\Backend Library\\public\\index.php')
CRITICAL - 2026-05-20 10:41:08 --> ErrorException: Undefined property: App\Controllers\BukuController::$bukuModel
[Method: GET, Route: api/buku]
in APPPATH\Controllers\BukuController.php on line 19.
 1 APPPATH\Controllers\BukuController.php(19): CodeIgniter\Debug\Exceptions->errorHandler(2, 'Undefined property: App\\Controllers\\BukuController::$bukuModel', 'C:\\Users\\loma\\Parenthesis Library Project\\Backend Library\\app\\Controllers\\BukuController.php', 19)
 2 SYSTEMPATH\CodeIgniter.php(951): App\Controllers\BukuController->index()
 3 SYSTEMPATH\CodeIgniter.php(497): CodeIgniter\CodeIgniter->runController(Object(App\Controllers\BukuController))
 4 SYSTEMPATH\CodeIgniter.php(340): CodeIgniter\CodeIgniter->handleRequest(null, Object(Config\Cache), false)
 5 SYSTEMPATH\Boot.php(417): CodeIgniter\CodeIgniter->run()
 6 SYSTEMPATH\Boot.php(68): CodeIgniter\Boot::runCodeIgniter(Object(CodeIgniter\CodeIgniter))
 7 FCPATH\index.php(70): CodeIgniter\Boot::bootWeb(Object(Config\Paths))
 8 SYSTEMPATH\rewrite.php(44): require_once('C:\\Users\\loma\\Parenthesis Library Project\\Backend Library\\public\\index.php')
CRITICAL - 2026-05-20 10:41:09 --> ErrorException: Undefined property: App\Controllers\BukuController::$bukuModel
[Method: GET, Route: api/buku]
in APPPATH\Controllers\BukuController.php on line 19.
 1 APPPATH\Controllers\BukuController.php(19): CodeIgniter\Debug\Exceptions->errorHandler(2, 'Undefined property: App\\Controllers\\BukuController::$bukuModel', 'C:\\Users\\loma\\Parenthesis Library Project\\Backend Library\\app\\Controllers\\BukuController.php', 19)
 2 SYSTEMPATH\CodeIgniter.php(951): App\Controllers\BukuController->index()
 3 SYSTEMPATH\CodeIgniter.php(497): CodeIgniter\CodeIgniter->runController(Object(App\Controllers\BukuController))
 4 SYSTEMPATH\CodeIgniter.php(340): CodeIgniter\CodeIgniter->handleRequest(null, Object(Config\Cache), false)
 5 SYSTEMPATH\Boot.php(417): CodeIgniter\CodeIgniter->run()
 6 SYSTEMPATH\Boot.php(68): CodeIgniter\Boot::runCodeIgniter(Object(CodeIgniter\CodeIgniter))
 7 FCPATH\index.php(70): CodeIgniter\Boot::bootWeb(Object(Config\Paths))
 8 SYSTEMPATH\rewrite.php(44): require_once('C:\\Users\\loma\\Parenthesis Library Project\\Backend Library\\public\\index.php')
CRITICAL - 2026-05-20 10:41:09 --> ErrorException: Undefined property: App\Controllers\BukuController::$bukuModel
[Method: GET, Route: api/buku]
in APPPATH\Controllers\BukuController.php on line 19.
 1 APPPATH\Controllers\BukuController.php(19): CodeIgniter\Debug\Exceptions->errorHandler(2, 'Undefined property: App\\Controllers\\BukuController::$bukuModel', 'C:\\Users\\loma\\Parenthesis Library Project\\Backend Library\\app\\Controllers\\BukuController.php', 19)
 2 SYSTEMPATH\CodeIgniter.php(951): App\Controllers\BukuController->index()
 3 SYSTEMPATH\CodeIgniter.php(497): CodeIgniter\CodeIgniter->runController(Object(App\Controllers\BukuController))
 4 SYSTEMPATH\CodeIgniter.php(340): CodeIgniter\CodeIgniter->handleRequest(null, Object(Config\Cache), false)
 5 SYSTEMPATH\Boot.php(417): CodeIgniter\CodeIgniter->run()
 6 SYSTEMPATH\Boot.php(68): CodeIgniter\Boot::runCodeIgniter(Object(CodeIgniter\CodeIgniter))
 7 FCPATH\index.php(70): CodeIgniter\Boot::bootWeb(Object(Config\Paths))
 8 SYSTEMPATH\rewrite.php(44): require_once('C:\\Users\\loma\\Parenthesis Library Project\\Backend Library\\public\\index.php')
CRITICAL - 2026-05-20 10:41:10 --> ErrorException: Undefined property: App\Controllers\BukuController::$bukuModel
[Method: GET, Route: api/buku]
in APPPATH\Controllers\BukuController.php on line 19.
 1 APPPATH\Controllers\BukuController.php(19): CodeIgniter\Debug\Exceptions->errorHandler(2, 'Undefined property: App\\Controllers\\BukuController::$bukuModel', 'C:\\Users\\loma\\Parenthesis Library Project\\Backend Library\\app\\Controllers\\BukuController.php', 19)
 2 SYSTEMPATH\CodeIgniter.php(951): App\Controllers\BukuController->index()
 3 SYSTEMPATH\CodeIgniter.php(497): CodeIgniter\CodeIgniter->runController(Object(App\Controllers\BukuController))
 4 SYSTEMPATH\CodeIgniter.php(340): CodeIgniter\CodeIgniter->handleRequest(null, Object(Config\Cache), false)
 5 SYSTEMPATH\Boot.php(417): CodeIgniter\CodeIgniter->run()
 6 SYSTEMPATH\Boot.php(68): CodeIgniter\Boot::runCodeIgniter(Object(CodeIgniter\CodeIgniter))
 7 FCPATH\index.php(70): CodeIgniter\Boot::bootWeb(Object(Config\Paths))
 8 SYSTEMPATH\rewrite.php(44): require_once('C:\\Users\\loma\\Parenthesis Library Project\\Backend Library\\public\\index.php')
CRITICAL - 2026-05-20 10:41:11 --> ErrorException: Undefined property: App\Controllers\BukuController::$bukuModel
[Method: GET, Route: api/buku]
in APPPATH\Controllers\BukuController.php on line 19.
 1 APPPATH\Controllers\BukuController.php(19): CodeIgniter\Debug\Exceptions->errorHandler(2, 'Undefined property: App\\Controllers\\BukuController::$bukuModel', 'C:\\Users\\loma\\Parenthesis Library Project\\Backend Library\\app\\Controllers\\BukuController.php', 19)
 2 SYSTEMPATH\CodeIgniter.php(951): App\Controllers\BukuController->index()
 3 SYSTEMPATH\CodeIgniter.php(497): CodeIgniter\CodeIgniter->runController(Object(App\Controllers\BukuController))
 4 SYSTEMPATH\CodeIgniter.php(340): CodeIgniter\CodeIgniter->handleRequest(null, Object(Config\Cache), false)
 5 SYSTEMPATH\Boot.php(417): CodeIgniter\CodeIgniter->run()
 6 SYSTEMPATH\Boot.php(68): CodeIgniter\Boot::runCodeIgniter(Object(CodeIgniter\CodeIgniter))
 7 FCPATH\index.php(70): CodeIgniter\Boot::bootWeb(Object(Config\Paths))
 8 SYSTEMPATH\rewrite.php(44): require_once('C:\\Users\\loma\\Parenthesis Library Project\\Backend Library\\public\\index.php')
CRITICAL - 2026-05-20 10:41:11 --> ErrorException: Undefined property: App\Controllers\BukuController::$bukuModel
[Method: GET, Route: api/buku]
in APPPATH\Controllers\BukuController.php on line 19.
 1 APPPATH\Controllers\BukuController.php(19): CodeIgniter\Debug\Exceptions->errorHandler(2, 'Undefined property: App\\Controllers\\BukuController::$bukuModel', 'C:\\Users\\loma\\Parenthesis Library Project\\Backend Library\\app\\Controllers\\BukuController.php', 19)
 2 SYSTEMPATH\CodeIgniter.php(951): App\Controllers\BukuController->index()
 3 SYSTEMPATH\CodeIgniter.php(497): CodeIgniter\CodeIgniter->runController(Object(App\Controllers\BukuController))
 4 SYSTEMPATH\CodeIgniter.php(340): CodeIgniter\CodeIgniter->handleRequest(null, Object(Config\Cache), false)
 5 SYSTEMPATH\Boot.php(417): CodeIgniter\CodeIgniter->run()
 6 SYSTEMPATH\Boot.php(68): CodeIgniter\Boot::runCodeIgniter(Object(CodeIgniter\CodeIgniter))
 7 FCPATH\index.php(70): CodeIgniter\Boot::bootWeb(Object(Config\Paths))
 8 SYSTEMPATH\rewrite.php(44): require_once('C:\\Users\\loma\\Parenthesis Library Project\\Backend Library\\public\\index.php')
CRITICAL - 2026-05-20 10:41:12 --> ErrorException: Undefined property: App\Controllers\BukuController::$bukuModel
[Method: GET, Route: api/buku]
in APPPATH\Controllers\BukuController.php on line 19.
 1 APPPATH\Controllers\BukuController.php(19): CodeIgniter\Debug\Exceptions->errorHandler(2, 'Undefined property: App\\Controllers\\BukuController::$bukuModel', 'C:\\Users\\loma\\Parenthesis Library Project\\Backend Library\\app\\Controllers\\BukuController.php', 19)
 2 SYSTEMPATH\CodeIgniter.php(951): App\Controllers\BukuController->index()
 3 SYSTEMPATH\CodeIgniter.php(497): CodeIgniter\CodeIgniter->runController(Object(App\Controllers\BukuController))
 4 SYSTEMPATH\CodeIgniter.php(340): CodeIgniter\CodeIgniter->handleRequest(null, Object(Config\Cache), false)
 5 SYSTEMPATH\Boot.php(417): CodeIgniter\CodeIgniter->run()
 6 SYSTEMPATH\Boot.php(68): CodeIgniter\Boot::runCodeIgniter(Object(CodeIgniter\CodeIgniter))
 7 FCPATH\index.php(70): CodeIgniter\Boot::bootWeb(Object(Config\Paths))
 8 SYSTEMPATH\rewrite.php(44): require_once('C:\\Users\\loma\\Parenthesis Library Project\\Backend Library\\public\\index.php')
CRITICAL - 2026-05-20 10:41:13 --> ErrorException: Undefined property: App\Controllers\BukuController::$bukuModel
[Method: GET, Route: api/buku]
in APPPATH\Controllers\BukuController.php on line 19.
 1 APPPATH\Controllers\BukuController.php(19): CodeIgniter\Debug\Exceptions->errorHandler(2, 'Undefined property: App\\Controllers\\BukuController::$bukuModel', 'C:\\Users\\loma\\Parenthesis Library Project\\Backend Library\\app\\Controllers\\BukuController.php', 19)
 2 SYSTEMPATH\CodeIgniter.php(951): App\Controllers\BukuController->index()
 3 SYSTEMPATH\CodeIgniter.php(497): CodeIgniter\CodeIgniter->runController(Object(App\Controllers\BukuController))
 4 SYSTEMPATH\CodeIgniter.php(340): CodeIgniter\CodeIgniter->handleRequest(null, Object(Config\Cache), false)
 5 SYSTEMPATH\Boot.php(417): CodeIgniter\CodeIgniter->run()
 6 SYSTEMPATH\Boot.php(68): CodeIgniter\Boot::runCodeIgniter(Object(CodeIgniter\CodeIgniter))
 7 FCPATH\index.php(70): CodeIgniter\Boot::bootWeb(Object(Config\Paths))
 8 SYSTEMPATH\rewrite.php(44): require_once('C:\\Users\\loma\\Parenthesis Library Project\\Backend Library\\public\\index.php')
CRITICAL - 2026-05-20 10:41:13 --> ErrorException: Undefined property: App\Controllers\BukuController::$bukuModel
[Method: GET, Route: api/buku]
in APPPATH\Controllers\BukuController.php on line 19.
 1 APPPATH\Controllers\BukuController.php(19): CodeIgniter\Debug\Exceptions->errorHandler(2, 'Undefined property: App\\Controllers\\BukuController::$bukuModel', 'C:\\Users\\loma\\Parenthesis Library Project\\Backend Library\\app\\Controllers\\BukuController.php', 19)
 2 SYSTEMPATH\CodeIgniter.php(951): App\Controllers\BukuController->index()
 3 SYSTEMPATH\CodeIgniter.php(497): CodeIgniter\CodeIgniter->runController(Object(App\Controllers\BukuController))
 4 SYSTEMPATH\CodeIgniter.php(340): CodeIgniter\CodeIgniter->handleRequest(null, Object(Config\Cache), false)
 5 SYSTEMPATH\Boot.php(417): CodeIgniter\CodeIgniter->run()
 6 SYSTEMPATH\Boot.php(68): CodeIgniter\Boot::runCodeIgniter(Object(CodeIgniter\CodeIgniter))
 7 FCPATH\index.php(70): CodeIgniter\Boot::bootWeb(Object(Config\Paths))
 8 SYSTEMPATH\rewrite.php(44): require_once('C:\\Users\\loma\\Parenthesis Library Project\\Backend Library\\public\\index.php')
CRITICAL - 2026-05-20 10:41:14 --> ErrorException: Undefined property: App\Controllers\BukuController::$bukuModel
[Method: GET, Route: api/buku]
in APPPATH\Controllers\BukuController.php on line 19.
 1 APPPATH\Controllers\BukuController.php(19): CodeIgniter\Debug\Exceptions->errorHandler(2, 'Undefined property: App\\Controllers\\BukuController::$bukuModel', 'C:\\Users\\loma\\Parenthesis Library Project\\Backend Library\\app\\Controllers\\BukuController.php', 19)
 2 SYSTEMPATH\CodeIgniter.php(951): App\Controllers\BukuController->index()
 3 SYSTEMPATH\CodeIgniter.php(497): CodeIgniter\CodeIgniter->runController(Object(App\Controllers\BukuController))
 4 SYSTEMPATH\CodeIgniter.php(340): CodeIgniter\CodeIgniter->handleRequest(null, Object(Config\Cache), false)
 5 SYSTEMPATH\Boot.php(417): CodeIgniter\CodeIgniter->run()
 6 SYSTEMPATH\Boot.php(68): CodeIgniter\Boot::runCodeIgniter(Object(CodeIgniter\CodeIgniter))
 7 FCPATH\index.php(70): CodeIgniter\Boot::bootWeb(Object(Config\Paths))
 8 SYSTEMPATH\rewrite.php(44): require_once('C:\\Users\\loma\\Parenthesis Library Project\\Backend Library\\public\\index.php')
CRITICAL - 2026-05-20 10:41:14 --> ErrorException: Undefined property: App\Controllers\BukuController::$bukuModel
[Method: GET, Route: api/buku]
in APPPATH\Controllers\BukuController.php on line 19.
 1 APPPATH\Controllers\BukuController.php(19): CodeIgniter\Debug\Exceptions->errorHandler(2, 'Undefined property: App\\Controllers\\BukuController::$bukuModel', 'C:\\Users\\loma\\Parenthesis Library Project\\Backend Library\\app\\Controllers\\BukuController.php', 19)
 2 SYSTEMPATH\CodeIgniter.php(951): App\Controllers\BukuController->index()
 3 SYSTEMPATH\CodeIgniter.php(497): CodeIgniter\CodeIgniter->runController(Object(App\Controllers\BukuController))
 4 SYSTEMPATH\CodeIgniter.php(340): CodeIgniter\CodeIgniter->handleRequest(null, Object(Config\Cache), false)
 5 SYSTEMPATH\Boot.php(417): CodeIgniter\CodeIgniter->run()
 6 SYSTEMPATH\Boot.php(68): CodeIgniter\Boot::runCodeIgniter(Object(CodeIgniter\CodeIgniter))
 7 FCPATH\index.php(70): CodeIgniter\Boot::bootWeb(Object(Config\Paths))
 8 SYSTEMPATH\rewrite.php(44): require_once('C:\\Users\\loma\\Parenthesis Library Project\\Backend Library\\public\\index.php')
CRITICAL - 2026-05-20 10:41:15 --> ErrorException: Undefined property: App\Controllers\BukuController::$bukuModel
[Method: GET, Route: api/buku]
in APPPATH\Controllers\BukuController.php on line 19.
 1 APPPATH\Controllers\BukuController.php(19): CodeIgniter\Debug\Exceptions->errorHandler(2, 'Undefined property: App\\Controllers\\BukuController::$bukuModel', 'C:\\Users\\loma\\Parenthesis Library Project\\Backend Library\\app\\Controllers\\BukuController.php', 19)
 2 SYSTEMPATH\CodeIgniter.php(951): App\Controllers\BukuController->index()
 3 SYSTEMPATH\CodeIgniter.php(497): CodeIgniter\CodeIgniter->runController(Object(App\Controllers\BukuController))
 4 SYSTEMPATH\CodeIgniter.php(340): CodeIgniter\CodeIgniter->handleRequest(null, Object(Config\Cache), false)
 5 SYSTEMPATH\Boot.php(417): CodeIgniter\CodeIgniter->run()
 6 SYSTEMPATH\Boot.php(68): CodeIgniter\Boot::runCodeIgniter(Object(CodeIgniter\CodeIgniter))
 7 FCPATH\index.php(70): CodeIgniter\Boot::bootWeb(Object(Config\Paths))
 8 SYSTEMPATH\rewrite.php(44): require_once('C:\\Users\\loma\\Parenthesis Library Project\\Backend Library\\public\\index.php')
CRITICAL - 2026-05-20 10:41:15 --> ErrorException: Undefined property: App\Controllers\BukuController::$bukuModel
[Method: GET, Route: api/buku]
in APPPATH\Controllers\BukuController.php on line 19.
 1 APPPATH\Controllers\BukuController.php(19): CodeIgniter\Debug\Exceptions->errorHandler(2, 'Undefined property: App\\Controllers\\BukuController::$bukuModel', 'C:\\Users\\loma\\Parenthesis Library Project\\Backend Library\\app\\Controllers\\BukuController.php', 19)
 2 SYSTEMPATH\CodeIgniter.php(951): App\Controllers\BukuController->index()
 3 SYSTEMPATH\CodeIgniter.php(497): CodeIgniter\CodeIgniter->runController(Object(App\Controllers\BukuController))
 4 SYSTEMPATH\CodeIgniter.php(340): CodeIgniter\CodeIgniter->handleRequest(null, Object(Config\Cache), false)
 5 SYSTEMPATH\Boot.php(417): CodeIgniter\CodeIgniter->run()
 6 SYSTEMPATH\Boot.php(68): CodeIgniter\Boot::runCodeIgniter(Object(CodeIgniter\CodeIgniter))
 7 FCPATH\index.php(70): CodeIgniter\Boot::bootWeb(Object(Config\Paths))
 8 SYSTEMPATH\rewrite.php(44): require_once('C:\\Users\\loma\\Parenthesis Library Project\\Backend Library\\public\\index.php')
CRITICAL - 2026-05-20 10:41:16 --> ErrorException: Undefined property: App\Controllers\BukuController::$bukuModel
[Method: GET, Route: api/buku]
in APPPATH\Controllers\BukuController.php on line 19.
 1 APPPATH\Controllers\BukuController.php(19): CodeIgniter\Debug\Exceptions->errorHandler(2, 'Undefined property: App\\Controllers\\BukuController::$bukuModel', 'C:\\Users\\loma\\Parenthesis Library Project\\Backend Library\\app\\Controllers\\BukuController.php', 19)
 2 SYSTEMPATH\CodeIgniter.php(951): App\Controllers\BukuController->index()
 3 SYSTEMPATH\CodeIgniter.php(497): CodeIgniter\CodeIgniter->runController(Object(App\Controllers\BukuController))
 4 SYSTEMPATH\CodeIgniter.php(340): CodeIgniter\CodeIgniter->handleRequest(null, Object(Config\Cache), false)
 5 SYSTEMPATH\Boot.php(417): CodeIgniter\CodeIgniter->run()
 6 SYSTEMPATH\Boot.php(68): CodeIgniter\Boot::runCodeIgniter(Object(CodeIgniter\CodeIgniter))
 7 FCPATH\index.php(70): CodeIgniter\Boot::bootWeb(Object(Config\Paths))
 8 SYSTEMPATH\rewrite.php(44): require_once('C:\\Users\\loma\\Parenthesis Library Project\\Backend Library\\public\\index.php')
CRITICAL - 2026-05-20 10:41:17 --> ErrorException: Undefined property: App\Controllers\BukuController::$bukuModel
[Method: GET, Route: api/buku]
in APPPATH\Controllers\BukuController.php on line 19.
 1 APPPATH\Controllers\BukuController.php(19): CodeIgniter\Debug\Exceptions->errorHandler(2, 'Undefined property: App\\Controllers\\BukuController::$bukuModel', 'C:\\Users\\loma\\Parenthesis Library Project\\Backend Library\\app\\Controllers\\BukuController.php', 19)
 2 SYSTEMPATH\CodeIgniter.php(951): App\Controllers\BukuController->index()
 3 SYSTEMPATH\CodeIgniter.php(497): CodeIgniter\CodeIgniter->runController(Object(App\Controllers\BukuController))
 4 SYSTEMPATH\CodeIgniter.php(340): CodeIgniter\CodeIgniter->handleRequest(null, Object(Config\Cache), false)
 5 SYSTEMPATH\Boot.php(417): CodeIgniter\CodeIgniter->run()
 6 SYSTEMPATH\Boot.php(68): CodeIgniter\Boot::runCodeIgniter(Object(CodeIgniter\CodeIgniter))
 7 FCPATH\index.php(70): CodeIgniter\Boot::bootWeb(Object(Config\Paths))
 8 SYSTEMPATH\rewrite.php(44): require_once('C:\\Users\\loma\\Parenthesis Library Project\\Backend Library\\public\\index.php')
CRITICAL - 2026-05-20 10:41:17 --> ErrorException: Undefined property: App\Controllers\BukuController::$bukuModel
[Method: GET, Route: api/buku]
in APPPATH\Controllers\BukuController.php on line 19.
 1 APPPATH\Controllers\BukuController.php(19): CodeIgniter\Debug\Exceptions->errorHandler(2, 'Undefined property: App\\Controllers\\BukuController::$bukuModel', 'C:\\Users\\loma\\Parenthesis Library Project\\Backend Library\\app\\Controllers\\BukuController.php', 19)
 2 SYSTEMPATH\CodeIgniter.php(951): App\Controllers\BukuController->index()
 3 SYSTEMPATH\CodeIgniter.php(497): CodeIgniter\CodeIgniter->runController(Object(App\Controllers\BukuController))
 4 SYSTEMPATH\CodeIgniter.php(340): CodeIgniter\CodeIgniter->handleRequest(null, Object(Config\Cache), false)
 5 SYSTEMPATH\Boot.php(417): CodeIgniter\CodeIgniter->run()
 6 SYSTEMPATH\Boot.php(68): CodeIgniter\Boot::runCodeIgniter(Object(CodeIgniter\CodeIgniter))
 7 FCPATH\index.php(70): CodeIgniter\Boot::bootWeb(Object(Config\Paths))
 8 SYSTEMPATH\rewrite.php(44): require_once('C:\\Users\\loma\\Parenthesis Library Project\\Backend Library\\public\\index.php')
CRITICAL - 2026-05-20 10:41:18 --> ErrorException: Undefined property: App\Controllers\BukuController::$bukuModel
[Method: GET, Route: api/buku]
in APPPATH\Controllers\BukuController.php on line 19.
 1 APPPATH\Controllers\BukuController.php(19): CodeIgniter\Debug\Exceptions->errorHandler(2, 'Undefined property: App\\Controllers\\BukuController::$bukuModel', 'C:\\Users\\loma\\Parenthesis Library Project\\Backend Library\\app\\Controllers\\BukuController.php', 19)
 2 SYSTEMPATH\CodeIgniter.php(951): App\Controllers\BukuController->index()
 3 SYSTEMPATH\CodeIgniter.php(497): CodeIgniter\CodeIgniter->runController(Object(App\Controllers\BukuController))
 4 SYSTEMPATH\CodeIgniter.php(340): CodeIgniter\CodeIgniter->handleRequest(null, Object(Config\Cache), false)
 5 SYSTEMPATH\Boot.php(417): CodeIgniter\CodeIgniter->run()
 6 SYSTEMPATH\Boot.php(68): CodeIgniter\Boot::runCodeIgniter(Object(CodeIgniter\CodeIgniter))
 7 FCPATH\index.php(70): CodeIgniter\Boot::bootWeb(Object(Config\Paths))
 8 SYSTEMPATH\rewrite.php(44): require_once('C:\\Users\\loma\\Parenthesis Library Project\\Backend Library\\public\\index.php')
CRITICAL - 2026-05-20 10:41:18 --> ErrorException: Undefined property: App\Controllers\BukuController::$bukuModel
[Method: GET, Route: api/buku]
in APPPATH\Controllers\BukuController.php on line 19.
 1 APPPATH\Controllers\BukuController.php(19): CodeIgniter\Debug\Exceptions->errorHandler(2, 'Undefined property: App\\Controllers\\BukuController::$bukuModel', 'C:\\Users\\loma\\Parenthesis Library Project\\Backend Library\\app\\Controllers\\BukuController.php', 19)
 2 SYSTEMPATH\CodeIgniter.php(951): App\Controllers\BukuController->index()
 3 SYSTEMPATH\CodeIgniter.php(497): CodeIgniter\CodeIgniter->runController(Object(App\Controllers\BukuController))
 4 SYSTEMPATH\CodeIgniter.php(340): CodeIgniter\CodeIgniter->handleRequest(null, Object(Config\Cache), false)
 5 SYSTEMPATH\Boot.php(417): CodeIgniter\CodeIgniter->run()
 6 SYSTEMPATH\Boot.php(68): CodeIgniter\Boot::runCodeIgniter(Object(CodeIgniter\CodeIgniter))
 7 FCPATH\index.php(70): CodeIgniter\Boot::bootWeb(Object(Config\Paths))
 8 SYSTEMPATH\rewrite.php(44): require_once('C:\\Users\\loma\\Parenthesis Library Project\\Backend Library\\public\\index.php')
CRITICAL - 2026-05-20 10:41:19 --> ErrorException: Undefined property: App\Controllers\BukuController::$bukuModel
[Method: GET, Route: api/buku]
in APPPATH\Controllers\BukuController.php on line 19.
 1 APPPATH\Controllers\BukuController.php(19): CodeIgniter\Debug\Exceptions->errorHandler(2, 'Undefined property: App\\Controllers\\BukuController::$bukuModel', 'C:\\Users\\loma\\Parenthesis Library Project\\Backend Library\\app\\Controllers\\BukuController.php', 19)
 2 SYSTEMPATH\CodeIgniter.php(951): App\Controllers\BukuController->index()
 3 SYSTEMPATH\CodeIgniter.php(497): CodeIgniter\CodeIgniter->runController(Object(App\Controllers\BukuController))
 4 SYSTEMPATH\CodeIgniter.php(340): CodeIgniter\CodeIgniter->handleRequest(null, Object(Config\Cache), false)
 5 SYSTEMPATH\Boot.php(417): CodeIgniter\CodeIgniter->run()
 6 SYSTEMPATH\Boot.php(68): CodeIgniter\Boot::runCodeIgniter(Object(CodeIgniter\CodeIgniter))
 7 FCPATH\index.php(70): CodeIgniter\Boot::bootWeb(Object(Config\Paths))
 8 SYSTEMPATH\rewrite.php(44): require_once('C:\\Users\\loma\\Parenthesis Library Project\\Backend Library\\public\\index.php')
CRITICAL - 2026-05-20 10:41:19 --> ErrorException: Undefined property: App\Controllers\BukuController::$bukuModel
[Method: GET, Route: api/buku]
in APPPATH\Controllers\BukuController.php on line 19.
 1 APPPATH\Controllers\BukuController.php(19): CodeIgniter\Debug\Exceptions->errorHandler(2, 'Undefined property: App\\Controllers\\BukuController::$bukuModel', 'C:\\Users\\loma\\Parenthesis Library Project\\Backend Library\\app\\Controllers\\BukuController.php', 19)
 2 SYSTEMPATH\CodeIgniter.php(951): App\Controllers\BukuController->index()
 3 SYSTEMPATH\CodeIgniter.php(497): CodeIgniter\CodeIgniter->runController(Object(App\Controllers\BukuController))
 4 SYSTEMPATH\CodeIgniter.php(340): CodeIgniter\CodeIgniter->handleRequest(null, Object(Config\Cache), false)
 5 SYSTEMPATH\Boot.php(417): CodeIgniter\CodeIgniter->run()
 6 SYSTEMPATH\Boot.php(68): CodeIgniter\Boot::runCodeIgniter(Object(CodeIgniter\CodeIgniter))
 7 FCPATH\index.php(70): CodeIgniter\Boot::bootWeb(Object(Config\Paths))
 8 SYSTEMPATH\rewrite.php(44): require_once('C:\\Users\\loma\\Parenthesis Library Project\\Backend Library\\public\\index.php')
CRITICAL - 2026-05-20 10:41:20 --> ErrorException: Undefined property: App\Controllers\BukuController::$bukuModel
[Method: GET, Route: api/buku]
in APPPATH\Controllers\BukuController.php on line 19.
 1 APPPATH\Controllers\BukuController.php(19): CodeIgniter\Debug\Exceptions->errorHandler(2, 'Undefined property: App\\Controllers\\BukuController::$bukuModel', 'C:\\Users\\loma\\Parenthesis Library Project\\Backend Library\\app\\Controllers\\BukuController.php', 19)
 2 SYSTEMPATH\CodeIgniter.php(951): App\Controllers\BukuController->index()
 3 SYSTEMPATH\CodeIgniter.php(497): CodeIgniter\CodeIgniter->runController(Object(App\Controllers\BukuController))
 4 SYSTEMPATH\CodeIgniter.php(340): CodeIgniter\CodeIgniter->handleRequest(null, Object(Config\Cache), false)
 5 SYSTEMPATH\Boot.php(417): CodeIgniter\CodeIgniter->run()
 6 SYSTEMPATH\Boot.php(68): CodeIgniter\Boot::runCodeIgniter(Object(CodeIgniter\CodeIgniter))
 7 FCPATH\index.php(70): CodeIgniter\Boot::bootWeb(Object(Config\Paths))
 8 SYSTEMPATH\rewrite.php(44): require_once('C:\\Users\\loma\\Parenthesis Library Project\\Backend Library\\public\\index.php')
CRITICAL - 2026-05-20 10:41:20 --> ErrorException: Undefined property: App\Controllers\BukuController::$bukuModel
[Method: GET, Route: api/buku]
in APPPATH\Controllers\BukuController.php on line 19.
 1 APPPATH\Controllers\BukuController.php(19): CodeIgniter\Debug\Exceptions->errorHandler(2, 'Undefined property: App\\Controllers\\BukuController::$bukuModel', 'C:\\Users\\loma\\Parenthesis Library Project\\Backend Library\\app\\Controllers\\BukuController.php', 19)
 2 SYSTEMPATH\CodeIgniter.php(951): App\Controllers\BukuController->index()
 3 SYSTEMPATH\CodeIgniter.php(497): CodeIgniter\CodeIgniter->runController(Object(App\Controllers\BukuController))
 4 SYSTEMPATH\CodeIgniter.php(340): CodeIgniter\CodeIgniter->handleRequest(null, Object(Config\Cache), false)
 5 SYSTEMPATH\Boot.php(417): CodeIgniter\CodeIgniter->run()
 6 SYSTEMPATH\Boot.php(68): CodeIgniter\Boot::runCodeIgniter(Object(CodeIgniter\CodeIgniter))
 7 FCPATH\index.php(70): CodeIgniter\Boot::bootWeb(Object(Config\Paths))
 8 SYSTEMPATH\rewrite.php(44): require_once('C:\\Users\\loma\\Parenthesis Library Project\\Backend Library\\public\\index.php')
CRITICAL - 2026-05-20 10:41:21 --> ErrorException: Undefined property: App\Controllers\BukuController::$bukuModel
[Method: GET, Route: api/buku]
in APPPATH\Controllers\BukuController.php on line 19.
 1 APPPATH\Controllers\BukuController.php(19): CodeIgniter\Debug\Exceptions->errorHandler(2, 'Undefined property: App\\Controllers\\BukuController::$bukuModel', 'C:\\Users\\loma\\Parenthesis Library Project\\Backend Library\\app\\Controllers\\BukuController.php', 19)
 2 SYSTEMPATH\CodeIgniter.php(951): App\Controllers\BukuController->index()
 3 SYSTEMPATH\CodeIgniter.php(497): CodeIgniter\CodeIgniter->runController(Object(App\Controllers\BukuController))
 4 SYSTEMPATH\CodeIgniter.php(340): CodeIgniter\CodeIgniter->handleRequest(null, Object(Config\Cache), false)
 5 SYSTEMPATH\Boot.php(417): CodeIgniter\CodeIgniter->run()
 6 SYSTEMPATH\Boot.php(68): CodeIgniter\Boot::runCodeIgniter(Object(CodeIgniter\CodeIgniter))
 7 FCPATH\index.php(70): CodeIgniter\Boot::bootWeb(Object(Config\Paths))
 8 SYSTEMPATH\rewrite.php(44): require_once('C:\\Users\\loma\\Parenthesis Library Project\\Backend Library\\public\\index.php')
CRITICAL - 2026-05-20 10:41:21 --> ErrorException: Undefined property: App\Controllers\BukuController::$bukuModel
[Method: GET, Route: api/buku]
in APPPATH\Controllers\BukuController.php on line 19.
 1 APPPATH\Controllers\BukuController.php(19): CodeIgniter\Debug\Exceptions->errorHandler(2, 'Undefined property: App\\Controllers\\BukuController::$bukuModel', 'C:\\Users\\loma\\Parenthesis Library Project\\Backend Library\\app\\Controllers\\BukuController.php', 19)
 2 SYSTEMPATH\CodeIgniter.php(951): App\Controllers\BukuController->index()
 3 SYSTEMPATH\CodeIgniter.php(497): CodeIgniter\CodeIgniter->runController(Object(App\Controllers\BukuController))
 4 SYSTEMPATH\CodeIgniter.php(340): CodeIgniter\CodeIgniter->handleRequest(null, Object(Config\Cache), false)
 5 SYSTEMPATH\Boot.php(417): CodeIgniter\CodeIgniter->run()
 6 SYSTEMPATH\Boot.php(68): CodeIgniter\Boot::runCodeIgniter(Object(CodeIgniter\CodeIgniter))
 7 FCPATH\index.php(70): CodeIgniter\Boot::bootWeb(Object(Config\Paths))
 8 SYSTEMPATH\rewrite.php(44): require_once('C:\\Users\\loma\\Parenthesis Library Project\\Backend Library\\public\\index.php')
CRITICAL - 2026-05-20 10:41:22 --> ErrorException: Undefined property: App\Controllers\BukuController::$bukuModel
[Method: GET, Route: api/buku]
in APPPATH\Controllers\BukuController.php on line 19.
 1 APPPATH\Controllers\BukuController.php(19): CodeIgniter\Debug\Exceptions->errorHandler(2, 'Undefined property: App\\Controllers\\BukuController::$bukuModel', 'C:\\Users\\loma\\Parenthesis Library Project\\Backend Library\\app\\Controllers\\BukuController.php', 19)
 2 SYSTEMPATH\CodeIgniter.php(951): App\Controllers\BukuController->index()
 3 SYSTEMPATH\CodeIgniter.php(497): CodeIgniter\CodeIgniter->runController(Object(App\Controllers\BukuController))
 4 SYSTEMPATH\CodeIgniter.php(340): CodeIgniter\CodeIgniter->handleRequest(null, Object(Config\Cache), false)
 5 SYSTEMPATH\Boot.php(417): CodeIgniter\CodeIgniter->run()
 6 SYSTEMPATH\Boot.php(68): CodeIgniter\Boot::runCodeIgniter(Object(CodeIgniter\CodeIgniter))
 7 FCPATH\index.php(70): CodeIgniter\Boot::bootWeb(Object(Config\Paths))
 8 SYSTEMPATH\rewrite.php(44): require_once('C:\\Users\\loma\\Parenthesis Library Project\\Backend Library\\public\\index.php')
CRITICAL - 2026-05-20 10:41:22 --> ErrorException: Undefined property: App\Controllers\BukuController::$bukuModel
[Method: GET, Route: api/buku]
in APPPATH\Controllers\BukuController.php on line 19.
 1 APPPATH\Controllers\BukuController.php(19): CodeIgniter\Debug\Exceptions->errorHandler(2, 'Undefined property: App\\Controllers\\BukuController::$bukuModel', 'C:\\Users\\loma\\Parenthesis Library Project\\Backend Library\\app\\Controllers\\BukuController.php', 19)
 2 SYSTEMPATH\CodeIgniter.php(951): App\Controllers\BukuController->index()
 3 SYSTEMPATH\CodeIgniter.php(497): CodeIgniter\CodeIgniter->runController(Object(App\Controllers\BukuController))
 4 SYSTEMPATH\CodeIgniter.php(340): CodeIgniter\CodeIgniter->handleRequest(null, Object(Config\Cache), false)
 5 SYSTEMPATH\Boot.php(417): CodeIgniter\CodeIgniter->run()
 6 SYSTEMPATH\Boot.php(68): CodeIgniter\Boot::runCodeIgniter(Object(CodeIgniter\CodeIgniter))
 7 FCPATH\index.php(70): CodeIgniter\Boot::bootWeb(Object(Config\Paths))
 8 SYSTEMPATH\rewrite.php(44): require_once('C:\\Users\\loma\\Parenthesis Library Project\\Backend Library\\public\\index.php')
CRITICAL - 2026-05-20 10:41:23 --> ErrorException: Undefined property: App\Controllers\BukuController::$bukuModel
[Method: GET, Route: api/buku]
in APPPATH\Controllers\BukuController.php on line 19.
 1 APPPATH\Controllers\BukuController.php(19): CodeIgniter\Debug\Exceptions->errorHandler(2, 'Undefined property: App\\Controllers\\BukuController::$bukuModel', 'C:\\Users\\loma\\Parenthesis Library Project\\Backend Library\\app\\Controllers\\BukuController.php', 19)
 2 SYSTEMPATH\CodeIgniter.php(951): App\Controllers\BukuController->index()
 3 SYSTEMPATH\CodeIgniter.php(497): CodeIgniter\CodeIgniter->runController(Object(App\Controllers\BukuController))
 4 SYSTEMPATH\CodeIgniter.php(340): CodeIgniter\CodeIgniter->handleRequest(null, Object(Config\Cache), false)
 5 SYSTEMPATH\Boot.php(417): CodeIgniter\CodeIgniter->run()
 6 SYSTEMPATH\Boot.php(68): CodeIgniter\Boot::runCodeIgniter(Object(CodeIgniter\CodeIgniter))
 7 FCPATH\index.php(70): CodeIgniter\Boot::bootWeb(Object(Config\Paths))
 8 SYSTEMPATH\rewrite.php(44): require_once('C:\\Users\\loma\\Parenthesis Library Project\\Backend Library\\public\\index.php')
CRITICAL - 2026-05-20 10:41:24 --> ErrorException: Undefined property: App\Controllers\BukuController::$bukuModel
[Method: GET, Route: api/buku]
in APPPATH\Controllers\BukuController.php on line 19.
 1 APPPATH\Controllers\BukuController.php(19): CodeIgniter\Debug\Exceptions->errorHandler(2, 'Undefined property: App\\Controllers\\BukuController::$bukuModel', 'C:\\Users\\loma\\Parenthesis Library Project\\Backend Library\\app\\Controllers\\BukuController.php', 19)
 2 SYSTEMPATH\CodeIgniter.php(951): App\Controllers\BukuController->index()
 3 SYSTEMPATH\CodeIgniter.php(497): CodeIgniter\CodeIgniter->runController(Object(App\Controllers\BukuController))
 4 SYSTEMPATH\CodeIgniter.php(340): CodeIgniter\CodeIgniter->handleRequest(null, Object(Config\Cache), false)
 5 SYSTEMPATH\Boot.php(417): CodeIgniter\CodeIgniter->run()
 6 SYSTEMPATH\Boot.php(68): CodeIgniter\Boot::runCodeIgniter(Object(CodeIgniter\CodeIgniter))
 7 FCPATH\index.php(70): CodeIgniter\Boot::bootWeb(Object(Config\Paths))
 8 SYSTEMPATH\rewrite.php(44): require_once('C:\\Users\\loma\\Parenthesis Library Project\\Backend Library\\public\\index.php')
CRITICAL - 2026-05-20 10:41:24 --> ErrorException: Undefined property: App\Controllers\BukuController::$bukuModel
[Method: GET, Route: api/buku]
in APPPATH\Controllers\BukuController.php on line 19.
 1 APPPATH\Controllers\BukuController.php(19): CodeIgniter\Debug\Exceptions->errorHandler(2, 'Undefined property: App\\Controllers\\BukuController::$bukuModel', 'C:\\Users\\loma\\Parenthesis Library Project\\Backend Library\\app\\Controllers\\BukuController.php', 19)
 2 SYSTEMPATH\CodeIgniter.php(951): App\Controllers\BukuController->index()
 3 SYSTEMPATH\CodeIgniter.php(497): CodeIgniter\CodeIgniter->runController(Object(App\Controllers\BukuController))
 4 SYSTEMPATH\CodeIgniter.php(340): CodeIgniter\CodeIgniter->handleRequest(null, Object(Config\Cache), false)
 5 SYSTEMPATH\Boot.php(417): CodeIgniter\CodeIgniter->run()
 6 SYSTEMPATH\Boot.php(68): CodeIgniter\Boot::runCodeIgniter(Object(CodeIgniter\CodeIgniter))
 7 FCPATH\index.php(70): CodeIgniter\Boot::bootWeb(Object(Config\Paths))
 8 SYSTEMPATH\rewrite.php(44): require_once('C:\\Users\\loma\\Parenthesis Library Project\\Backend Library\\public\\index.php')
CRITICAL - 2026-05-20 10:41:25 --> ErrorException: Undefined property: App\Controllers\BukuController::$bukuModel
[Method: GET, Route: api/buku]
in APPPATH\Controllers\BukuController.php on line 19.
 1 APPPATH\Controllers\BukuController.php(19): CodeIgniter\Debug\Exceptions->errorHandler(2, 'Undefined property: App\\Controllers\\BukuController::$bukuModel', 'C:\\Users\\loma\\Parenthesis Library Project\\Backend Library\\app\\Controllers\\BukuController.php', 19)
 2 SYSTEMPATH\CodeIgniter.php(951): App\Controllers\BukuController->index()
 3 SYSTEMPATH\CodeIgniter.php(497): CodeIgniter\CodeIgniter->runController(Object(App\Controllers\BukuController))
 4 SYSTEMPATH\CodeIgniter.php(340): CodeIgniter\CodeIgniter->handleRequest(null, Object(Config\Cache), false)
 5 SYSTEMPATH\Boot.php(417): CodeIgniter\CodeIgniter->run()
 6 SYSTEMPATH\Boot.php(68): CodeIgniter\Boot::runCodeIgniter(Object(CodeIgniter\CodeIgniter))
 7 FCPATH\index.php(70): CodeIgniter\Boot::bootWeb(Object(Config\Paths))
 8 SYSTEMPATH\rewrite.php(44): require_once('C:\\Users\\loma\\Parenthesis Library Project\\Backend Library\\public\\index.php')
CRITICAL - 2026-05-20 10:41:25 --> ErrorException: Undefined property: App\Controllers\BukuController::$bukuModel
[Method: GET, Route: api/buku]
in APPPATH\Controllers\BukuController.php on line 19.
 1 APPPATH\Controllers\BukuController.php(19): CodeIgniter\Debug\Exceptions->errorHandler(2, 'Undefined property: App\\Controllers\\BukuController::$bukuModel', 'C:\\Users\\loma\\Parenthesis Library Project\\Backend Library\\app\\Controllers\\BukuController.php', 19)
 2 SYSTEMPATH\CodeIgniter.php(951): App\Controllers\BukuController->index()
 3 SYSTEMPATH\CodeIgniter.php(497): CodeIgniter\CodeIgniter->runController(Object(App\Controllers\BukuController))
 4 SYSTEMPATH\CodeIgniter.php(340): CodeIgniter\CodeIgniter->handleRequest(null, Object(Config\Cache), false)
 5 SYSTEMPATH\Boot.php(417): CodeIgniter\CodeIgniter->run()
 6 SYSTEMPATH\Boot.php(68): CodeIgniter\Boot::runCodeIgniter(Object(CodeIgniter\CodeIgniter))
 7 FCPATH\index.php(70): CodeIgniter\Boot::bootWeb(Object(Config\Paths))
 8 SYSTEMPATH\rewrite.php(44): require_once('C:\\Users\\loma\\Parenthesis Library Project\\Backend Library\\public\\index.php')
CRITICAL - 2026-05-20 10:41:26 --> ErrorException: Undefined property: App\Controllers\BukuController::$bukuModel
[Method: GET, Route: api/buku]
in APPPATH\Controllers\BukuController.php on line 19.
 1 APPPATH\Controllers\BukuController.php(19): CodeIgniter\Debug\Exceptions->errorHandler(2, 'Undefined property: App\\Controllers\\BukuController::$bukuModel', 'C:\\Users\\loma\\Parenthesis Library Project\\Backend Library\\app\\Controllers\\BukuController.php', 19)
 2 SYSTEMPATH\CodeIgniter.php(951): App\Controllers\BukuController->index()
 3 SYSTEMPATH\CodeIgniter.php(497): CodeIgniter\CodeIgniter->runController(Object(App\Controllers\BukuController))
 4 SYSTEMPATH\CodeIgniter.php(340): CodeIgniter\CodeIgniter->handleRequest(null, Object(Config\Cache), false)
 5 SYSTEMPATH\Boot.php(417): CodeIgniter\CodeIgniter->run()
 6 SYSTEMPATH\Boot.php(68): CodeIgniter\Boot::runCodeIgniter(Object(CodeIgniter\CodeIgniter))
 7 FCPATH\index.php(70): CodeIgniter\Boot::bootWeb(Object(Config\Paths))
 8 SYSTEMPATH\rewrite.php(44): require_once('C:\\Users\\loma\\Parenthesis Library Project\\Backend Library\\public\\index.php')
CRITICAL - 2026-05-20 10:41:26 --> ErrorException: Undefined property: App\Controllers\BukuController::$bukuModel
[Method: GET, Route: api/buku]
in APPPATH\Controllers\BukuController.php on line 19.
 1 APPPATH\Controllers\BukuController.php(19): CodeIgniter\Debug\Exceptions->errorHandler(2, 'Undefined property: App\\Controllers\\BukuController::$bukuModel', 'C:\\Users\\loma\\Parenthesis Library Project\\Backend Library\\app\\Controllers\\BukuController.php', 19)
 2 SYSTEMPATH\CodeIgniter.php(951): App\Controllers\BukuController->index()
 3 SYSTEMPATH\CodeIgniter.php(497): CodeIgniter\CodeIgniter->runController(Object(App\Controllers\BukuController))
 4 SYSTEMPATH\CodeIgniter.php(340): CodeIgniter\CodeIgniter->handleRequest(null, Object(Config\Cache), false)
 5 SYSTEMPATH\Boot.php(417): CodeIgniter\CodeIgniter->run()
 6 SYSTEMPATH\Boot.php(68): CodeIgniter\Boot::runCodeIgniter(Object(CodeIgniter\CodeIgniter))
 7 FCPATH\index.php(70): CodeIgniter\Boot::bootWeb(Object(Config\Paths))
 8 SYSTEMPATH\rewrite.php(44): require_once('C:\\Users\\loma\\Parenthesis Library Project\\Backend Library\\public\\index.php')
CRITICAL - 2026-05-20 10:41:27 --> ErrorException: Undefined property: App\Controllers\BukuController::$bukuModel
[Method: GET, Route: api/buku]
in APPPATH\Controllers\BukuController.php on line 19.
 1 APPPATH\Controllers\BukuController.php(19): CodeIgniter\Debug\Exceptions->errorHandler(2, 'Undefined property: App\\Controllers\\BukuController::$bukuModel', 'C:\\Users\\loma\\Parenthesis Library Project\\Backend Library\\app\\Controllers\\BukuController.php', 19)
 2 SYSTEMPATH\CodeIgniter.php(951): App\Controllers\BukuController->index()
 3 SYSTEMPATH\CodeIgniter.php(497): CodeIgniter\CodeIgniter->runController(Object(App\Controllers\BukuController))
 4 SYSTEMPATH\CodeIgniter.php(340): CodeIgniter\CodeIgniter->handleRequest(null, Object(Config\Cache), false)
 5 SYSTEMPATH\Boot.php(417): CodeIgniter\CodeIgniter->run()
 6 SYSTEMPATH\Boot.php(68): CodeIgniter\Boot::runCodeIgniter(Object(CodeIgniter\CodeIgniter))
 7 FCPATH\index.php(70): CodeIgniter\Boot::bootWeb(Object(Config\Paths))
 8 SYSTEMPATH\rewrite.php(44): require_once('C:\\Users\\loma\\Parenthesis Library Project\\Backend Library\\public\\index.php')
CRITICAL - 2026-05-20 10:41:27 --> ErrorException: Undefined property: App\Controllers\BukuController::$bukuModel
[Method: GET, Route: api/buku]
in APPPATH\Controllers\BukuController.php on line 19.
 1 APPPATH\Controllers\BukuController.php(19): CodeIgniter\Debug\Exceptions->errorHandler(2, 'Undefined property: App\\Controllers\\BukuController::$bukuModel', 'C:\\Users\\loma\\Parenthesis Library Project\\Backend Library\\app\\Controllers\\BukuController.php', 19)
 2 SYSTEMPATH\CodeIgniter.php(951): App\Controllers\BukuController->index()
 3 SYSTEMPATH\CodeIgniter.php(497): CodeIgniter\CodeIgniter->runController(Object(App\Controllers\BukuController))
 4 SYSTEMPATH\CodeIgniter.php(340): CodeIgniter\CodeIgniter->handleRequest(null, Object(Config\Cache), false)
 5 SYSTEMPATH\Boot.php(417): CodeIgniter\CodeIgniter->run()
 6 SYSTEMPATH\Boot.php(68): CodeIgniter\Boot::runCodeIgniter(Object(CodeIgniter\CodeIgniter))
 7 FCPATH\index.php(70): CodeIgniter\Boot::bootWeb(Object(Config\Paths))
 8 SYSTEMPATH\rewrite.php(44): require_once('C:\\Users\\loma\\Parenthesis Library Project\\Backend Library\\public\\index.php')
CRITICAL - 2026-05-20 10:41:28 --> ErrorException: Undefined property: App\Controllers\BukuController::$bukuModel
[Method: GET, Route: api/buku]
in APPPATH\Controllers\BukuController.php on line 19.
 1 APPPATH\Controllers\BukuController.php(19): CodeIgniter\Debug\Exceptions->errorHandler(2, 'Undefined property: App\\Controllers\\BukuController::$bukuModel', 'C:\\Users\\loma\\Parenthesis Library Project\\Backend Library\\app\\Controllers\\BukuController.php', 19)
 2 SYSTEMPATH\CodeIgniter.php(951): App\Controllers\BukuController->index()
 3 SYSTEMPATH\CodeIgniter.php(497): CodeIgniter\CodeIgniter->runController(Object(App\Controllers\BukuController))
 4 SYSTEMPATH\CodeIgniter.php(340): CodeIgniter\CodeIgniter->handleRequest(null, Object(Config\Cache), false)
 5 SYSTEMPATH\Boot.php(417): CodeIgniter\CodeIgniter->run()
 6 SYSTEMPATH\Boot.php(68): CodeIgniter\Boot::runCodeIgniter(Object(CodeIgniter\CodeIgniter))
 7 FCPATH\index.php(70): CodeIgniter\Boot::bootWeb(Object(Config\Paths))
 8 SYSTEMPATH\rewrite.php(44): require_once('C:\\Users\\loma\\Parenthesis Library Project\\Backend Library\\public\\index.php')
CRITICAL - 2026-05-20 10:41:29 --> ErrorException: Undefined property: App\Controllers\BukuController::$bukuModel
[Method: GET, Route: api/buku]
in APPPATH\Controllers\BukuController.php on line 19.
 1 APPPATH\Controllers\BukuController.php(19): CodeIgniter\Debug\Exceptions->errorHandler(2, 'Undefined property: App\\Controllers\\BukuController::$bukuModel', 'C:\\Users\\loma\\Parenthesis Library Project\\Backend Library\\app\\Controllers\\BukuController.php', 19)
 2 SYSTEMPATH\CodeIgniter.php(951): App\Controllers\BukuController->index()
 3 SYSTEMPATH\CodeIgniter.php(497): CodeIgniter\CodeIgniter->runController(Object(App\Controllers\BukuController))
 4 SYSTEMPATH\CodeIgniter.php(340): CodeIgniter\CodeIgniter->handleRequest(null, Object(Config\Cache), false)
 5 SYSTEMPATH\Boot.php(417): CodeIgniter\CodeIgniter->run()
 6 SYSTEMPATH\Boot.php(68): CodeIgniter\Boot::runCodeIgniter(Object(CodeIgniter\CodeIgniter))
 7 FCPATH\index.php(70): CodeIgniter\Boot::bootWeb(Object(Config\Paths))
 8 SYSTEMPATH\rewrite.php(44): require_once('C:\\Users\\loma\\Parenthesis Library Project\\Backend Library\\public\\index.php')
CRITICAL - 2026-05-20 10:41:29 --> ErrorException: Undefined property: App\Controllers\BukuController::$bukuModel
[Method: GET, Route: api/buku]
in APPPATH\Controllers\BukuController.php on line 19.
 1 APPPATH\Controllers\BukuController.php(19): CodeIgniter\Debug\Exceptions->errorHandler(2, 'Undefined property: App\\Controllers\\BukuController::$bukuModel', 'C:\\Users\\loma\\Parenthesis Library Project\\Backend Library\\app\\Controllers\\BukuController.php', 19)
 2 SYSTEMPATH\CodeIgniter.php(951): App\Controllers\BukuController->index()
 3 SYSTEMPATH\CodeIgniter.php(497): CodeIgniter\CodeIgniter->runController(Object(App\Controllers\BukuController))
 4 SYSTEMPATH\CodeIgniter.php(340): CodeIgniter\CodeIgniter->handleRequest(null, Object(Config\Cache), false)
 5 SYSTEMPATH\Boot.php(417): CodeIgniter\CodeIgniter->run()
 6 SYSTEMPATH\Boot.php(68): CodeIgniter\Boot::runCodeIgniter(Object(CodeIgniter\CodeIgniter))
 7 FCPATH\index.php(70): CodeIgniter\Boot::bootWeb(Object(Config\Paths))
 8 SYSTEMPATH\rewrite.php(44): require_once('C:\\Users\\loma\\Parenthesis Library Project\\Backend Library\\public\\index.php')
CRITICAL - 2026-05-20 10:41:29 --> ErrorException: Undefined property: App\Controllers\BukuController::$bukuModel
[Method: GET, Route: api/buku]
in APPPATH\Controllers\BukuController.php on line 19.
 1 APPPATH\Controllers\BukuController.php(19): CodeIgniter\Debug\Exceptions->errorHandler(2, 'Undefined property: App\\Controllers\\BukuController::$bukuModel', 'C:\\Users\\loma\\Parenthesis Library Project\\Backend Library\\app\\Controllers\\BukuController.php', 19)
 2 SYSTEMPATH\CodeIgniter.php(951): App\Controllers\BukuController->index()
 3 SYSTEMPATH\CodeIgniter.php(497): CodeIgniter\CodeIgniter->runController(Object(App\Controllers\BukuController))
 4 SYSTEMPATH\CodeIgniter.php(340): CodeIgniter\CodeIgniter->handleRequest(null, Object(Config\Cache), false)
 5 SYSTEMPATH\Boot.php(417): CodeIgniter\CodeIgniter->run()
 6 SYSTEMPATH\Boot.php(68): CodeIgniter\Boot::runCodeIgniter(Object(CodeIgniter\CodeIgniter))
 7 FCPATH\index.php(70): CodeIgniter\Boot::bootWeb(Object(Config\Paths))
 8 SYSTEMPATH\rewrite.php(44): require_once('C:\\Users\\loma\\Parenthesis Library Project\\Backend Library\\public\\index.php')
CRITICAL - 2026-05-20 10:41:30 --> ErrorException: Undefined property: App\Controllers\BukuController::$bukuModel
[Method: GET, Route: api/buku]
in APPPATH\Controllers\BukuController.php on line 19.
 1 APPPATH\Controllers\BukuController.php(19): CodeIgniter\Debug\Exceptions->errorHandler(2, 'Undefined property: App\\Controllers\\BukuController::$bukuModel', 'C:\\Users\\loma\\Parenthesis Library Project\\Backend Library\\app\\Controllers\\BukuController.php', 19)
 2 SYSTEMPATH\CodeIgniter.php(951): App\Controllers\BukuController->index()
 3 SYSTEMPATH\CodeIgniter.php(497): CodeIgniter\CodeIgniter->runController(Object(App\Controllers\BukuController))
 4 SYSTEMPATH\CodeIgniter.php(340): CodeIgniter\CodeIgniter->handleRequest(null, Object(Config\Cache), false)
 5 SYSTEMPATH\Boot.php(417): CodeIgniter\CodeIgniter->run()
 6 SYSTEMPATH\Boot.php(68): CodeIgniter\Boot::runCodeIgniter(Object(CodeIgniter\CodeIgniter))
 7 FCPATH\index.php(70): CodeIgniter\Boot::bootWeb(Object(Config\Paths))
 8 SYSTEMPATH\rewrite.php(44): require_once('C:\\Users\\loma\\Parenthesis Library Project\\Backend Library\\public\\index.php')
CRITICAL - 2026-05-20 10:41:30 --> ErrorException: Undefined property: App\Controllers\BukuController::$bukuModel
[Method: GET, Route: api/buku]
in APPPATH\Controllers\BukuController.php on line 19.
 1 APPPATH\Controllers\BukuController.php(19): CodeIgniter\Debug\Exceptions->errorHandler(2, 'Undefined property: App\\Controllers\\BukuController::$bukuModel', 'C:\\Users\\loma\\Parenthesis Library Project\\Backend Library\\app\\Controllers\\BukuController.php', 19)
 2 SYSTEMPATH\CodeIgniter.php(951): App\Controllers\BukuController->index()
 3 SYSTEMPATH\CodeIgniter.php(497): CodeIgniter\CodeIgniter->runController(Object(App\Controllers\BukuController))
 4 SYSTEMPATH\CodeIgniter.php(340): CodeIgniter\CodeIgniter->handleRequest(null, Object(Config\Cache), false)
 5 SYSTEMPATH\Boot.php(417): CodeIgniter\CodeIgniter->run()
 6 SYSTEMPATH\Boot.php(68): CodeIgniter\Boot::runCodeIgniter(Object(CodeIgniter\CodeIgniter))
 7 FCPATH\index.php(70): CodeIgniter\Boot::bootWeb(Object(Config\Paths))
 8 SYSTEMPATH\rewrite.php(44): require_once('C:\\Users\\loma\\Parenthesis Library Project\\Backend Library\\public\\index.php')
CRITICAL - 2026-05-20 10:41:31 --> ErrorException: Undefined property: App\Controllers\BukuController::$bukuModel
[Method: GET, Route: api/buku]
in APPPATH\Controllers\BukuController.php on line 19.
 1 APPPATH\Controllers\BukuController.php(19): CodeIgniter\Debug\Exceptions->errorHandler(2, 'Undefined property: App\\Controllers\\BukuController::$bukuModel', 'C:\\Users\\loma\\Parenthesis Library Project\\Backend Library\\app\\Controllers\\BukuController.php', 19)
 2 SYSTEMPATH\CodeIgniter.php(951): App\Controllers\BukuController->index()
 3 SYSTEMPATH\CodeIgniter.php(497): CodeIgniter\CodeIgniter->runController(Object(App\Controllers\BukuController))
 4 SYSTEMPATH\CodeIgniter.php(340): CodeIgniter\CodeIgniter->handleRequest(null, Object(Config\Cache), false)
 5 SYSTEMPATH\Boot.php(417): CodeIgniter\CodeIgniter->run()
 6 SYSTEMPATH\Boot.php(68): CodeIgniter\Boot::runCodeIgniter(Object(CodeIgniter\CodeIgniter))
 7 FCPATH\index.php(70): CodeIgniter\Boot::bootWeb(Object(Config\Paths))
 8 SYSTEMPATH\rewrite.php(44): require_once('C:\\Users\\loma\\Parenthesis Library Project\\Backend Library\\public\\index.php')
CRITICAL - 2026-05-20 10:41:31 --> ErrorException: Undefined property: App\Controllers\BukuController::$bukuModel
[Method: GET, Route: api/buku]
in APPPATH\Controllers\BukuController.php on line 19.
 1 APPPATH\Controllers\BukuController.php(19): CodeIgniter\Debug\Exceptions->errorHandler(2, 'Undefined property: App\\Controllers\\BukuController::$bukuModel', 'C:\\Users\\loma\\Parenthesis Library Project\\Backend Library\\app\\Controllers\\BukuController.php', 19)
 2 SYSTEMPATH\CodeIgniter.php(951): App\Controllers\BukuController->index()
 3 SYSTEMPATH\CodeIgniter.php(497): CodeIgniter\CodeIgniter->runController(Object(App\Controllers\BukuController))
 4 SYSTEMPATH\CodeIgniter.php(340): CodeIgniter\CodeIgniter->handleRequest(null, Object(Config\Cache), false)
 5 SYSTEMPATH\Boot.php(417): CodeIgniter\CodeIgniter->run()
 6 SYSTEMPATH\Boot.php(68): CodeIgniter\Boot::runCodeIgniter(Object(CodeIgniter\CodeIgniter))
 7 FCPATH\index.php(70): CodeIgniter\Boot::bootWeb(Object(Config\Paths))
 8 SYSTEMPATH\rewrite.php(44): require_once('C:\\Users\\loma\\Parenthesis Library Project\\Backend Library\\public\\index.php')
CRITICAL - 2026-05-20 10:41:32 --> ErrorException: Undefined property: App\Controllers\BukuController::$bukuModel
[Method: GET, Route: api/buku]
in APPPATH\Controllers\BukuController.php on line 19.
 1 APPPATH\Controllers\BukuController.php(19): CodeIgniter\Debug\Exceptions->errorHandler(2, 'Undefined property: App\\Controllers\\BukuController::$bukuModel', 'C:\\Users\\loma\\Parenthesis Library Project\\Backend Library\\app\\Controllers\\BukuController.php', 19)
 2 SYSTEMPATH\CodeIgniter.php(951): App\Controllers\BukuController->index()
 3 SYSTEMPATH\CodeIgniter.php(497): CodeIgniter\CodeIgniter->runController(Object(App\Controllers\BukuController))
 4 SYSTEMPATH\CodeIgniter.php(340): CodeIgniter\CodeIgniter->handleRequest(null, Object(Config\Cache), false)
 5 SYSTEMPATH\Boot.php(417): CodeIgniter\CodeIgniter->run()
 6 SYSTEMPATH\Boot.php(68): CodeIgniter\Boot::runCodeIgniter(Object(CodeIgniter\CodeIgniter))
 7 FCPATH\index.php(70): CodeIgniter\Boot::bootWeb(Object(Config\Paths))
 8 SYSTEMPATH\rewrite.php(44): require_once('C:\\Users\\loma\\Parenthesis Library Project\\Backend Library\\public\\index.php')
CRITICAL - 2026-05-20 10:41:32 --> ErrorException: Undefined property: App\Controllers\BukuController::$bukuModel
[Method: GET, Route: api/buku]
in APPPATH\Controllers\BukuController.php on line 19.
 1 APPPATH\Controllers\BukuController.php(19): CodeIgniter\Debug\Exceptions->errorHandler(2, 'Undefined property: App\\Controllers\\BukuController::$bukuModel', 'C:\\Users\\loma\\Parenthesis Library Project\\Backend Library\\app\\Controllers\\BukuController.php', 19)
 2 SYSTEMPATH\CodeIgniter.php(951): App\Controllers\BukuController->index()
 3 SYSTEMPATH\CodeIgniter.php(497): CodeIgniter\CodeIgniter->runController(Object(App\Controllers\BukuController))
 4 SYSTEMPATH\CodeIgniter.php(340): CodeIgniter\CodeIgniter->handleRequest(null, Object(Config\Cache), false)
 5 SYSTEMPATH\Boot.php(417): CodeIgniter\CodeIgniter->run()
 6 SYSTEMPATH\Boot.php(68): CodeIgniter\Boot::runCodeIgniter(Object(CodeIgniter\CodeIgniter))
 7 FCPATH\index.php(70): CodeIgniter\Boot::bootWeb(Object(Config\Paths))
 8 SYSTEMPATH\rewrite.php(44): require_once('C:\\Users\\loma\\Parenthesis Library Project\\Backend Library\\public\\index.php')
CRITICAL - 2026-05-20 10:41:33 --> ErrorException: Undefined property: App\Controllers\BukuController::$bukuModel
[Method: GET, Route: api/buku]
in APPPATH\Controllers\BukuController.php on line 19.
 1 APPPATH\Controllers\BukuController.php(19): CodeIgniter\Debug\Exceptions->errorHandler(2, 'Undefined property: App\\Controllers\\BukuController::$bukuModel', 'C:\\Users\\loma\\Parenthesis Library Project\\Backend Library\\app\\Controllers\\BukuController.php', 19)
 2 SYSTEMPATH\CodeIgniter.php(951): App\Controllers\BukuController->index()
 3 SYSTEMPATH\CodeIgniter.php(497): CodeIgniter\CodeIgniter->runController(Object(App\Controllers\BukuController))
 4 SYSTEMPATH\CodeIgniter.php(340): CodeIgniter\CodeIgniter->handleRequest(null, Object(Config\Cache), false)
 5 SYSTEMPATH\Boot.php(417): CodeIgniter\CodeIgniter->run()
 6 SYSTEMPATH\Boot.php(68): CodeIgniter\Boot::runCodeIgniter(Object(CodeIgniter\CodeIgniter))
 7 FCPATH\index.php(70): CodeIgniter\Boot::bootWeb(Object(Config\Paths))
 8 SYSTEMPATH\rewrite.php(44): require_once('C:\\Users\\loma\\Parenthesis Library Project\\Backend Library\\public\\index.php')
CRITICAL - 2026-05-20 10:41:33 --> ErrorException: Undefined property: App\Controllers\BukuController::$bukuModel
[Method: GET, Route: api/buku]
in APPPATH\Controllers\BukuController.php on line 19.
 1 APPPATH\Controllers\BukuController.php(19): CodeIgniter\Debug\Exceptions->errorHandler(2, 'Undefined property: App\\Controllers\\BukuController::$bukuModel', 'C:\\Users\\loma\\Parenthesis Library Project\\Backend Library\\app\\Controllers\\BukuController.php', 19)
 2 SYSTEMPATH\CodeIgniter.php(951): App\Controllers\BukuController->index()
 3 SYSTEMPATH\CodeIgniter.php(497): CodeIgniter\CodeIgniter->runController(Object(App\Controllers\BukuController))
 4 SYSTEMPATH\CodeIgniter.php(340): CodeIgniter\CodeIgniter->handleRequest(null, Object(Config\Cache), false)
 5 SYSTEMPATH\Boot.php(417): CodeIgniter\CodeIgniter->run()
 6 SYSTEMPATH\Boot.php(68): CodeIgniter\Boot::runCodeIgniter(Object(CodeIgniter\CodeIgniter))
 7 FCPATH\index.php(70): CodeIgniter\Boot::bootWeb(Object(Config\Paths))
 8 SYSTEMPATH\rewrite.php(44): require_once('C:\\Users\\loma\\Parenthesis Library Project\\Backend Library\\public\\index.php')
CRITICAL - 2026-05-20 10:41:34 --> ErrorException: Undefined property: App\Controllers\BukuController::$bukuModel
[Method: GET, Route: api/buku]
in APPPATH\Controllers\BukuController.php on line 19.
 1 APPPATH\Controllers\BukuController.php(19): CodeIgniter\Debug\Exceptions->errorHandler(2, 'Undefined property: App\\Controllers\\BukuController::$bukuModel', 'C:\\Users\\loma\\Parenthesis Library Project\\Backend Library\\app\\Controllers\\BukuController.php', 19)
 2 SYSTEMPATH\CodeIgniter.php(951): App\Controllers\BukuController->index()
 3 SYSTEMPATH\CodeIgniter.php(497): CodeIgniter\CodeIgniter->runController(Object(App\Controllers\BukuController))
 4 SYSTEMPATH\CodeIgniter.php(340): CodeIgniter\CodeIgniter->handleRequest(null, Object(Config\Cache), false)
 5 SYSTEMPATH\Boot.php(417): CodeIgniter\CodeIgniter->run()
 6 SYSTEMPATH\Boot.php(68): CodeIgniter\Boot::runCodeIgniter(Object(CodeIgniter\CodeIgniter))
 7 FCPATH\index.php(70): CodeIgniter\Boot::bootWeb(Object(Config\Paths))
 8 SYSTEMPATH\rewrite.php(44): require_once('C:\\Users\\loma\\Parenthesis Library Project\\Backend Library\\public\\index.php')
CRITICAL - 2026-05-20 10:41:34 --> ErrorException: Undefined property: App\Controllers\BukuController::$bukuModel
[Method: GET, Route: api/buku]
in APPPATH\Controllers\BukuController.php on line 19.
 1 APPPATH\Controllers\BukuController.php(19): CodeIgniter\Debug\Exceptions->errorHandler(2, 'Undefined property: App\\Controllers\\BukuController::$bukuModel', 'C:\\Users\\loma\\Parenthesis Library Project\\Backend Library\\app\\Controllers\\BukuController.php', 19)
 2 SYSTEMPATH\CodeIgniter.php(951): App\Controllers\BukuController->index()
 3 SYSTEMPATH\CodeIgniter.php(497): CodeIgniter\CodeIgniter->runController(Object(App\Controllers\BukuController))
 4 SYSTEMPATH\CodeIgniter.php(340): CodeIgniter\CodeIgniter->handleRequest(null, Object(Config\Cache), false)
 5 SYSTEMPATH\Boot.php(417): CodeIgniter\CodeIgniter->run()
 6 SYSTEMPATH\Boot.php(68): CodeIgniter\Boot::runCodeIgniter(Object(CodeIgniter\CodeIgniter))
 7 FCPATH\index.php(70): CodeIgniter\Boot::bootWeb(Object(Config\Paths))
 8 SYSTEMPATH\rewrite.php(44): require_once('C:\\Users\\loma\\Parenthesis Library Project\\Backend Library\\public\\index.php')
CRITICAL - 2026-05-20 10:41:34 --> ErrorException: Undefined property: App\Controllers\BukuController::$bukuModel
[Method: GET, Route: api/buku]
in APPPATH\Controllers\BukuController.php on line 19.
 1 APPPATH\Controllers\BukuController.php(19): CodeIgniter\Debug\Exceptions->errorHandler(2, 'Undefined property: App\\Controllers\\BukuController::$bukuModel', 'C:\\Users\\loma\\Parenthesis Library Project\\Backend Library\\app\\Controllers\\BukuController.php', 19)
 2 SYSTEMPATH\CodeIgniter.php(951): App\Controllers\BukuController->index()
 3 SYSTEMPATH\CodeIgniter.php(497): CodeIgniter\CodeIgniter->runController(Object(App\Controllers\BukuController))
 4 SYSTEMPATH\CodeIgniter.php(340): CodeIgniter\CodeIgniter->handleRequest(null, Object(Config\Cache), false)
 5 SYSTEMPATH\Boot.php(417): CodeIgniter\CodeIgniter->run()
 6 SYSTEMPATH\Boot.php(68): CodeIgniter\Boot::runCodeIgniter(Object(CodeIgniter\CodeIgniter))
 7 FCPATH\index.php(70): CodeIgniter\Boot::bootWeb(Object(Config\Paths))
 8 SYSTEMPATH\rewrite.php(44): require_once('C:\\Users\\loma\\Parenthesis Library Project\\Backend Library\\public\\index.php')
CRITICAL - 2026-05-20 10:41:35 --> ErrorException: Undefined property: App\Controllers\BukuController::$bukuModel
[Method: GET, Route: api/buku]
in APPPATH\Controllers\BukuController.php on line 19.
 1 APPPATH\Controllers\BukuController.php(19): CodeIgniter\Debug\Exceptions->errorHandler(2, 'Undefined property: App\\Controllers\\BukuController::$bukuModel', 'C:\\Users\\loma\\Parenthesis Library Project\\Backend Library\\app\\Controllers\\BukuController.php', 19)
 2 SYSTEMPATH\CodeIgniter.php(951): App\Controllers\BukuController->index()
 3 SYSTEMPATH\CodeIgniter.php(497): CodeIgniter\CodeIgniter->runController(Object(App\Controllers\BukuController))
 4 SYSTEMPATH\CodeIgniter.php(340): CodeIgniter\CodeIgniter->handleRequest(null, Object(Config\Cache), false)
 5 SYSTEMPATH\Boot.php(417): CodeIgniter\CodeIgniter->run()
 6 SYSTEMPATH\Boot.php(68): CodeIgniter\Boot::runCodeIgniter(Object(CodeIgniter\CodeIgniter))
 7 FCPATH\index.php(70): CodeIgniter\Boot::bootWeb(Object(Config\Paths))
 8 SYSTEMPATH\rewrite.php(44): require_once('C:\\Users\\loma\\Parenthesis Library Project\\Backend Library\\public\\index.php')
CRITICAL - 2026-05-20 10:41:35 --> ErrorException: Undefined property: App\Controllers\BukuController::$bukuModel
[Method: GET, Route: api/buku]
in APPPATH\Controllers\BukuController.php on line 19.
 1 APPPATH\Controllers\BukuController.php(19): CodeIgniter\Debug\Exceptions->errorHandler(2, 'Undefined property: App\\Controllers\\BukuController::$bukuModel', 'C:\\Users\\loma\\Parenthesis Library Project\\Backend Library\\app\\Controllers\\BukuController.php', 19)
 2 SYSTEMPATH\CodeIgniter.php(951): App\Controllers\BukuController->index()
 3 SYSTEMPATH\CodeIgniter.php(497): CodeIgniter\CodeIgniter->runController(Object(App\Controllers\BukuController))
 4 SYSTEMPATH\CodeIgniter.php(340): CodeIgniter\CodeIgniter->handleRequest(null, Object(Config\Cache), false)
 5 SYSTEMPATH\Boot.php(417): CodeIgniter\CodeIgniter->run()
 6 SYSTEMPATH\Boot.php(68): CodeIgniter\Boot::runCodeIgniter(Object(CodeIgniter\CodeIgniter))
 7 FCPATH\index.php(70): CodeIgniter\Boot::bootWeb(Object(Config\Paths))
 8 SYSTEMPATH\rewrite.php(44): require_once('C:\\Users\\loma\\Parenthesis Library Project\\Backend Library\\public\\index.php')
CRITICAL - 2026-05-20 10:41:36 --> ErrorException: Undefined property: App\Controllers\BukuController::$bukuModel
[Method: GET, Route: api/buku]
in APPPATH\Controllers\BukuController.php on line 19.
 1 APPPATH\Controllers\BukuController.php(19): CodeIgniter\Debug\Exceptions->errorHandler(2, 'Undefined property: App\\Controllers\\BukuController::$bukuModel', 'C:\\Users\\loma\\Parenthesis Library Project\\Backend Library\\app\\Controllers\\BukuController.php', 19)
 2 SYSTEMPATH\CodeIgniter.php(951): App\Controllers\BukuController->index()
 3 SYSTEMPATH\CodeIgniter.php(497): CodeIgniter\CodeIgniter->runController(Object(App\Controllers\BukuController))
 4 SYSTEMPATH\CodeIgniter.php(340): CodeIgniter\CodeIgniter->handleRequest(null, Object(Config\Cache), false)
 5 SYSTEMPATH\Boot.php(417): CodeIgniter\CodeIgniter->run()
 6 SYSTEMPATH\Boot.php(68): CodeIgniter\Boot::runCodeIgniter(Object(CodeIgniter\CodeIgniter))
 7 FCPATH\index.php(70): CodeIgniter\Boot::bootWeb(Object(Config\Paths))
 8 SYSTEMPATH\rewrite.php(44): require_once('C:\\Users\\loma\\Parenthesis Library Project\\Backend Library\\public\\index.php')
CRITICAL - 2026-05-20 10:41:36 --> ErrorException: Undefined property: App\Controllers\BukuController::$bukuModel
[Method: GET, Route: api/buku]
in APPPATH\Controllers\BukuController.php on line 19.
 1 APPPATH\Controllers\BukuController.php(19): CodeIgniter\Debug\Exceptions->errorHandler(2, 'Undefined property: App\\Controllers\\BukuController::$bukuModel', 'C:\\Users\\loma\\Parenthesis Library Project\\Backend Library\\app\\Controllers\\BukuController.php', 19)
 2 SYSTEMPATH\CodeIgniter.php(951): App\Controllers\BukuController->index()
 3 SYSTEMPATH\CodeIgniter.php(497): CodeIgniter\CodeIgniter->runController(Object(App\Controllers\BukuController))
 4 SYSTEMPATH\CodeIgniter.php(340): CodeIgniter\CodeIgniter->handleRequest(null, Object(Config\Cache), false)
 5 SYSTEMPATH\Boot.php(417): CodeIgniter\CodeIgniter->run()
 6 SYSTEMPATH\Boot.php(68): CodeIgniter\Boot::runCodeIgniter(Object(CodeIgniter\CodeIgniter))
 7 FCPATH\index.php(70): CodeIgniter\Boot::bootWeb(Object(Config\Paths))
 8 SYSTEMPATH\rewrite.php(44): require_once('C:\\Users\\loma\\Parenthesis Library Project\\Backend Library\\public\\index.php')
CRITICAL - 2026-05-20 10:41:37 --> ErrorException: Undefined property: App\Controllers\BukuController::$bukuModel
[Method: GET, Route: api/buku]
in APPPATH\Controllers\BukuController.php on line 19.
 1 APPPATH\Controllers\BukuController.php(19): CodeIgniter\Debug\Exceptions->errorHandler(2, 'Undefined property: App\\Controllers\\BukuController::$bukuModel', 'C:\\Users\\loma\\Parenthesis Library Project\\Backend Library\\app\\Controllers\\BukuController.php', 19)
 2 SYSTEMPATH\CodeIgniter.php(951): App\Controllers\BukuController->index()
 3 SYSTEMPATH\CodeIgniter.php(497): CodeIgniter\CodeIgniter->runController(Object(App\Controllers\BukuController))
 4 SYSTEMPATH\CodeIgniter.php(340): CodeIgniter\CodeIgniter->handleRequest(null, Object(Config\Cache), false)
 5 SYSTEMPATH\Boot.php(417): CodeIgniter\CodeIgniter->run()
 6 SYSTEMPATH\Boot.php(68): CodeIgniter\Boot::runCodeIgniter(Object(CodeIgniter\CodeIgniter))
 7 FCPATH\index.php(70): CodeIgniter\Boot::bootWeb(Object(Config\Paths))
 8 SYSTEMPATH\rewrite.php(44): require_once('C:\\Users\\loma\\Parenthesis Library Project\\Backend Library\\public\\index.php')
CRITICAL - 2026-05-20 10:41:38 --> ErrorException: Undefined property: App\Controllers\BukuController::$bukuModel
[Method: GET, Route: api/buku]
in APPPATH\Controllers\BukuController.php on line 19.
 1 APPPATH\Controllers\BukuController.php(19): CodeIgniter\Debug\Exceptions->errorHandler(2, 'Undefined property: App\\Controllers\\BukuController::$bukuModel', 'C:\\Users\\loma\\Parenthesis Library Project\\Backend Library\\app\\Controllers\\BukuController.php', 19)
 2 SYSTEMPATH\CodeIgniter.php(951): App\Controllers\BukuController->index()
 3 SYSTEMPATH\CodeIgniter.php(497): CodeIgniter\CodeIgniter->runController(Object(App\Controllers\BukuController))
 4 SYSTEMPATH\CodeIgniter.php(340): CodeIgniter\CodeIgniter->handleRequest(null, Object(Config\Cache), false)
 5 SYSTEMPATH\Boot.php(417): CodeIgniter\CodeIgniter->run()
 6 SYSTEMPATH\Boot.php(68): CodeIgniter\Boot::runCodeIgniter(Object(CodeIgniter\CodeIgniter))
 7 FCPATH\index.php(70): CodeIgniter\Boot::bootWeb(Object(Config\Paths))
 8 SYSTEMPATH\rewrite.php(44): require_once('C:\\Users\\loma\\Parenthesis Library Project\\Backend Library\\public\\index.php')
CRITICAL - 2026-05-20 10:41:38 --> ErrorException: Undefined property: App\Controllers\BukuController::$bukuModel
[Method: GET, Route: api/buku]
in APPPATH\Controllers\BukuController.php on line 19.
 1 APPPATH\Controllers\BukuController.php(19): CodeIgniter\Debug\Exceptions->errorHandler(2, 'Undefined property: App\\Controllers\\BukuController::$bukuModel', 'C:\\Users\\loma\\Parenthesis Library Project\\Backend Library\\app\\Controllers\\BukuController.php', 19)
 2 SYSTEMPATH\CodeIgniter.php(951): App\Controllers\BukuController->index()
 3 SYSTEMPATH\CodeIgniter.php(497): CodeIgniter\CodeIgniter->runController(Object(App\Controllers\BukuController))
 4 SYSTEMPATH\CodeIgniter.php(340): CodeIgniter\CodeIgniter->handleRequest(null, Object(Config\Cache), false)
 5 SYSTEMPATH\Boot.php(417): CodeIgniter\CodeIgniter->run()
 6 SYSTEMPATH\Boot.php(68): CodeIgniter\Boot::runCodeIgniter(Object(CodeIgniter\CodeIgniter))
 7 FCPATH\index.php(70): CodeIgniter\Boot::bootWeb(Object(Config\Paths))
 8 SYSTEMPATH\rewrite.php(44): require_once('C:\\Users\\loma\\Parenthesis Library Project\\Backend Library\\public\\index.php')
CRITICAL - 2026-05-20 10:41:39 --> ErrorException: Undefined property: App\Controllers\BukuController::$bukuModel
[Method: GET, Route: api/buku]
in APPPATH\Controllers\BukuController.php on line 19.
 1 APPPATH\Controllers\BukuController.php(19): CodeIgniter\Debug\Exceptions->errorHandler(2, 'Undefined property: App\\Controllers\\BukuController::$bukuModel', 'C:\\Users\\loma\\Parenthesis Library Project\\Backend Library\\app\\Controllers\\BukuController.php', 19)
 2 SYSTEMPATH\CodeIgniter.php(951): App\Controllers\BukuController->index()
 3 SYSTEMPATH\CodeIgniter.php(497): CodeIgniter\CodeIgniter->runController(Object(App\Controllers\BukuController))
 4 SYSTEMPATH\CodeIgniter.php(340): CodeIgniter\CodeIgniter->handleRequest(null, Object(Config\Cache), false)
 5 SYSTEMPATH\Boot.php(417): CodeIgniter\CodeIgniter->run()
 6 SYSTEMPATH\Boot.php(68): CodeIgniter\Boot::runCodeIgniter(Object(CodeIgniter\CodeIgniter))
 7 FCPATH\index.php(70): CodeIgniter\Boot::bootWeb(Object(Config\Paths))
 8 SYSTEMPATH\rewrite.php(44): require_once('C:\\Users\\loma\\Parenthesis Library Project\\Backend Library\\public\\index.php')
CRITICAL - 2026-05-20 10:41:39 --> ErrorException: Undefined property: App\Controllers\BukuController::$bukuModel
[Method: GET, Route: api/buku]
in APPPATH\Controllers\BukuController.php on line 19.
 1 APPPATH\Controllers\BukuController.php(19): CodeIgniter\Debug\Exceptions->errorHandler(2, 'Undefined property: App\\Controllers\\BukuController::$bukuModel', 'C:\\Users\\loma\\Parenthesis Library Project\\Backend Library\\app\\Controllers\\BukuController.php', 19)
 2 SYSTEMPATH\CodeIgniter.php(951): App\Controllers\BukuController->index()
 3 SYSTEMPATH\CodeIgniter.php(497): CodeIgniter\CodeIgniter->runController(Object(App\Controllers\BukuController))
 4 SYSTEMPATH\CodeIgniter.php(340): CodeIgniter\CodeIgniter->handleRequest(null, Object(Config\Cache), false)
 5 SYSTEMPATH\Boot.php(417): CodeIgniter\CodeIgniter->run()
 6 SYSTEMPATH\Boot.php(68): CodeIgniter\Boot::runCodeIgniter(Object(CodeIgniter\CodeIgniter))
 7 FCPATH\index.php(70): CodeIgniter\Boot::bootWeb(Object(Config\Paths))
 8 SYSTEMPATH\rewrite.php(44): require_once('C:\\Users\\loma\\Parenthesis Library Project\\Backend Library\\public\\index.php')
CRITICAL - 2026-05-20 10:41:40 --> ErrorException: Undefined property: App\Controllers\BukuController::$bukuModel
[Method: GET, Route: api/buku]
in APPPATH\Controllers\BukuController.php on line 19.
 1 APPPATH\Controllers\BukuController.php(19): CodeIgniter\Debug\Exceptions->errorHandler(2, 'Undefined property: App\\Controllers\\BukuController::$bukuModel', 'C:\\Users\\loma\\Parenthesis Library Project\\Backend Library\\app\\Controllers\\BukuController.php', 19)
 2 SYSTEMPATH\CodeIgniter.php(951): App\Controllers\BukuController->index()
 3 SYSTEMPATH\CodeIgniter.php(497): CodeIgniter\CodeIgniter->runController(Object(App\Controllers\BukuController))
 4 SYSTEMPATH\CodeIgniter.php(340): CodeIgniter\CodeIgniter->handleRequest(null, Object(Config\Cache), false)
 5 SYSTEMPATH\Boot.php(417): CodeIgniter\CodeIgniter->run()
 6 SYSTEMPATH\Boot.php(68): CodeIgniter\Boot::runCodeIgniter(Object(CodeIgniter\CodeIgniter))
 7 FCPATH\index.php(70): CodeIgniter\Boot::bootWeb(Object(Config\Paths))
 8 SYSTEMPATH\rewrite.php(44): require_once('C:\\Users\\loma\\Parenthesis Library Project\\Backend Library\\public\\index.php')
CRITICAL - 2026-05-20 10:41:41 --> ErrorException: Undefined property: App\Controllers\BukuController::$bukuModel
[Method: GET, Route: api/buku]
in APPPATH\Controllers\BukuController.php on line 19.
 1 APPPATH\Controllers\BukuController.php(19): CodeIgniter\Debug\Exceptions->errorHandler(2, 'Undefined property: App\\Controllers\\BukuController::$bukuModel', 'C:\\Users\\loma\\Parenthesis Library Project\\Backend Library\\app\\Controllers\\BukuController.php', 19)
 2 SYSTEMPATH\CodeIgniter.php(951): App\Controllers\BukuController->index()
 3 SYSTEMPATH\CodeIgniter.php(497): CodeIgniter\CodeIgniter->runController(Object(App\Controllers\BukuController))
 4 SYSTEMPATH\CodeIgniter.php(340): CodeIgniter\CodeIgniter->handleRequest(null, Object(Config\Cache), false)
 5 SYSTEMPATH\Boot.php(417): CodeIgniter\CodeIgniter->run()
 6 SYSTEMPATH\Boot.php(68): CodeIgniter\Boot::runCodeIgniter(Object(CodeIgniter\CodeIgniter))
 7 FCPATH\index.php(70): CodeIgniter\Boot::bootWeb(Object(Config\Paths))
 8 SYSTEMPATH\rewrite.php(44): require_once('C:\\Users\\loma\\Parenthesis Library Project\\Backend Library\\public\\index.php')
CRITICAL - 2026-05-20 10:41:41 --> ErrorException: Undefined property: App\Controllers\BukuController::$bukuModel
[Method: GET, Route: api/buku]
in APPPATH\Controllers\BukuController.php on line 19.
 1 APPPATH\Controllers\BukuController.php(19): CodeIgniter\Debug\Exceptions->errorHandler(2, 'Undefined property: App\\Controllers\\BukuController::$bukuModel', 'C:\\Users\\loma\\Parenthesis Library Project\\Backend Library\\app\\Controllers\\BukuController.php', 19)
 2 SYSTEMPATH\CodeIgniter.php(951): App\Controllers\BukuController->index()
 3 SYSTEMPATH\CodeIgniter.php(497): CodeIgniter\CodeIgniter->runController(Object(App\Controllers\BukuController))
 4 SYSTEMPATH\CodeIgniter.php(340): CodeIgniter\CodeIgniter->handleRequest(null, Object(Config\Cache), false)
 5 SYSTEMPATH\Boot.php(417): CodeIgniter\CodeIgniter->run()
 6 SYSTEMPATH\Boot.php(68): CodeIgniter\Boot::runCodeIgniter(Object(CodeIgniter\CodeIgniter))
 7 FCPATH\index.php(70): CodeIgniter\Boot::bootWeb(Object(Config\Paths))
 8 SYSTEMPATH\rewrite.php(44): require_once('C:\\Users\\loma\\Parenthesis Library Project\\Backend Library\\public\\index.php')
CRITICAL - 2026-05-20 10:41:42 --> ErrorException: Undefined property: App\Controllers\BukuController::$bukuModel
[Method: GET, Route: api/buku]
in APPPATH\Controllers\BukuController.php on line 19.
 1 APPPATH\Controllers\BukuController.php(19): CodeIgniter\Debug\Exceptions->errorHandler(2, 'Undefined property: App\\Controllers\\BukuController::$bukuModel', 'C:\\Users\\loma\\Parenthesis Library Project\\Backend Library\\app\\Controllers\\BukuController.php', 19)
 2 SYSTEMPATH\CodeIgniter.php(951): App\Controllers\BukuController->index()
 3 SYSTEMPATH\CodeIgniter.php(497): CodeIgniter\CodeIgniter->runController(Object(App\Controllers\BukuController))
 4 SYSTEMPATH\CodeIgniter.php(340): CodeIgniter\CodeIgniter->handleRequest(null, Object(Config\Cache), false)
 5 SYSTEMPATH\Boot.php(417): CodeIgniter\CodeIgniter->run()
 6 SYSTEMPATH\Boot.php(68): CodeIgniter\Boot::runCodeIgniter(Object(CodeIgniter\CodeIgniter))
 7 FCPATH\index.php(70): CodeIgniter\Boot::bootWeb(Object(Config\Paths))
 8 SYSTEMPATH\rewrite.php(44): require_once('C:\\Users\\loma\\Parenthesis Library Project\\Backend Library\\public\\index.php')
CRITICAL - 2026-05-20 10:41:42 --> ErrorException: Undefined property: App\Controllers\BukuController::$bukuModel
[Method: GET, Route: api/buku]
in APPPATH\Controllers\BukuController.php on line 19.
 1 APPPATH\Controllers\BukuController.php(19): CodeIgniter\Debug\Exceptions->errorHandler(2, 'Undefined property: App\\Controllers\\BukuController::$bukuModel', 'C:\\Users\\loma\\Parenthesis Library Project\\Backend Library\\app\\Controllers\\BukuController.php', 19)
 2 SYSTEMPATH\CodeIgniter.php(951): App\Controllers\BukuController->index()
 3 SYSTEMPATH\CodeIgniter.php(497): CodeIgniter\CodeIgniter->runController(Object(App\Controllers\BukuController))
 4 SYSTEMPATH\CodeIgniter.php(340): CodeIgniter\CodeIgniter->handleRequest(null, Object(Config\Cache), false)
 5 SYSTEMPATH\Boot.php(417): CodeIgniter\CodeIgniter->run()
 6 SYSTEMPATH\Boot.php(68): CodeIgniter\Boot::runCodeIgniter(Object(CodeIgniter\CodeIgniter))
 7 FCPATH\index.php(70): CodeIgniter\Boot::bootWeb(Object(Config\Paths))
 8 SYSTEMPATH\rewrite.php(44): require_once('C:\\Users\\loma\\Parenthesis Library Project\\Backend Library\\public\\index.php')
CRITICAL - 2026-05-20 10:41:43 --> ErrorException: Undefined property: App\Controllers\BukuController::$bukuModel
[Method: GET, Route: api/buku]
in APPPATH\Controllers\BukuController.php on line 19.
 1 APPPATH\Controllers\BukuController.php(19): CodeIgniter\Debug\Exceptions->errorHandler(2, 'Undefined property: App\\Controllers\\BukuController::$bukuModel', 'C:\\Users\\loma\\Parenthesis Library Project\\Backend Library\\app\\Controllers\\BukuController.php', 19)
 2 SYSTEMPATH\CodeIgniter.php(951): App\Controllers\BukuController->index()
 3 SYSTEMPATH\CodeIgniter.php(497): CodeIgniter\CodeIgniter->runController(Object(App\Controllers\BukuController))
 4 SYSTEMPATH\CodeIgniter.php(340): CodeIgniter\CodeIgniter->handleRequest(null, Object(Config\Cache), false)
 5 SYSTEMPATH\Boot.php(417): CodeIgniter\CodeIgniter->run()
 6 SYSTEMPATH\Boot.php(68): CodeIgniter\Boot::runCodeIgniter(Object(CodeIgniter\CodeIgniter))
 7 FCPATH\index.php(70): CodeIgniter\Boot::bootWeb(Object(Config\Paths))
 8 SYSTEMPATH\rewrite.php(44): require_once('C:\\Users\\loma\\Parenthesis Library Project\\Backend Library\\public\\index.php')
CRITICAL - 2026-05-20 10:41:44 --> ErrorException: Undefined property: App\Controllers\BukuController::$bukuModel
[Method: GET, Route: api/buku]
in APPPATH\Controllers\BukuController.php on line 19.
 1 APPPATH\Controllers\BukuController.php(19): CodeIgniter\Debug\Exceptions->errorHandler(2, 'Undefined property: App\\Controllers\\BukuController::$bukuModel', 'C:\\Users\\loma\\Parenthesis Library Project\\Backend Library\\app\\Controllers\\BukuController.php', 19)
 2 SYSTEMPATH\CodeIgniter.php(951): App\Controllers\BukuController->index()
 3 SYSTEMPATH\CodeIgniter.php(497): CodeIgniter\CodeIgniter->runController(Object(App\Controllers\BukuController))
 4 SYSTEMPATH\CodeIgniter.php(340): CodeIgniter\CodeIgniter->handleRequest(null, Object(Config\Cache), false)
 5 SYSTEMPATH\Boot.php(417): CodeIgniter\CodeIgniter->run()
 6 SYSTEMPATH\Boot.php(68): CodeIgniter\Boot::runCodeIgniter(Object(CodeIgniter\CodeIgniter))
 7 FCPATH\index.php(70): CodeIgniter\Boot::bootWeb(Object(Config\Paths))
 8 SYSTEMPATH\rewrite.php(44): require_once('C:\\Users\\loma\\Parenthesis Library Project\\Backend Library\\public\\index.php')
CRITICAL - 2026-05-20 10:41:45 --> ErrorException: Undefined property: App\Controllers\BukuController::$bukuModel
[Method: GET, Route: api/buku]
in APPPATH\Controllers\BukuController.php on line 19.
 1 APPPATH\Controllers\BukuController.php(19): CodeIgniter\Debug\Exceptions->errorHandler(2, 'Undefined property: App\\Controllers\\BukuController::$bukuModel', 'C:\\Users\\loma\\Parenthesis Library Project\\Backend Library\\app\\Controllers\\BukuController.php', 19)
 2 SYSTEMPATH\CodeIgniter.php(951): App\Controllers\BukuController->index()
 3 SYSTEMPATH\CodeIgniter.php(497): CodeIgniter\CodeIgniter->runController(Object(App\Controllers\BukuController))
 4 SYSTEMPATH\CodeIgniter.php(340): CodeIgniter\CodeIgniter->handleRequest(null, Object(Config\Cache), false)
 5 SYSTEMPATH\Boot.php(417): CodeIgniter\CodeIgniter->run()
 6 SYSTEMPATH\Boot.php(68): CodeIgniter\Boot::runCodeIgniter(Object(CodeIgniter\CodeIgniter))
 7 FCPATH\index.php(70): CodeIgniter\Boot::bootWeb(Object(Config\Paths))
 8 SYSTEMPATH\rewrite.php(44): require_once('C:\\Users\\loma\\Parenthesis Library Project\\Backend Library\\public\\index.php')
CRITICAL - 2026-05-20 10:41:45 --> ErrorException: Undefined property: App\Controllers\BukuController::$bukuModel
[Method: GET, Route: api/buku]
in APPPATH\Controllers\BukuController.php on line 19.
 1 APPPATH\Controllers\BukuController.php(19): CodeIgniter\Debug\Exceptions->errorHandler(2, 'Undefined property: App\\Controllers\\BukuController::$bukuModel', 'C:\\Users\\loma\\Parenthesis Library Project\\Backend Library\\app\\Controllers\\BukuController.php', 19)
 2 SYSTEMPATH\CodeIgniter.php(951): App\Controllers\BukuController->index()
 3 SYSTEMPATH\CodeIgniter.php(497): CodeIgniter\CodeIgniter->runController(Object(App\Controllers\BukuController))
 4 SYSTEMPATH\CodeIgniter.php(340): CodeIgniter\CodeIgniter->handleRequest(null, Object(Config\Cache), false)
 5 SYSTEMPATH\Boot.php(417): CodeIgniter\CodeIgniter->run()
 6 SYSTEMPATH\Boot.php(68): CodeIgniter\Boot::runCodeIgniter(Object(CodeIgniter\CodeIgniter))
 7 FCPATH\index.php(70): CodeIgniter\Boot::bootWeb(Object(Config\Paths))
 8 SYSTEMPATH\rewrite.php(44): require_once('C:\\Users\\loma\\Parenthesis Library Project\\Backend Library\\public\\index.php')
CRITICAL - 2026-05-20 10:41:46 --> ErrorException: Undefined property: App\Controllers\BukuController::$bukuModel
[Method: GET, Route: api/buku]
in APPPATH\Controllers\BukuController.php on line 19.
 1 APPPATH\Controllers\BukuController.php(19): CodeIgniter\Debug\Exceptions->errorHandler(2, 'Undefined property: App\\Controllers\\BukuController::$bukuModel', 'C:\\Users\\loma\\Parenthesis Library Project\\Backend Library\\app\\Controllers\\BukuController.php', 19)
 2 SYSTEMPATH\CodeIgniter.php(951): App\Controllers\BukuController->index()
 3 SYSTEMPATH\CodeIgniter.php(497): CodeIgniter\CodeIgniter->runController(Object(App\Controllers\BukuController))
 4 SYSTEMPATH\CodeIgniter.php(340): CodeIgniter\CodeIgniter->handleRequest(null, Object(Config\Cache), false)
 5 SYSTEMPATH\Boot.php(417): CodeIgniter\CodeIgniter->run()
 6 SYSTEMPATH\Boot.php(68): CodeIgniter\Boot::runCodeIgniter(Object(CodeIgniter\CodeIgniter))
 7 FCPATH\index.php(70): CodeIgniter\Boot::bootWeb(Object(Config\Paths))
 8 SYSTEMPATH\rewrite.php(44): require_once('C:\\Users\\loma\\Parenthesis Library Project\\Backend Library\\public\\index.php')
CRITICAL - 2026-05-20 10:41:46 --> ErrorException: Undefined property: App\Controllers\BukuController::$bukuModel
[Method: GET, Route: api/buku]
in APPPATH\Controllers\BukuController.php on line 19.
 1 APPPATH\Controllers\BukuController.php(19): CodeIgniter\Debug\Exceptions->errorHandler(2, 'Undefined property: App\\Controllers\\BukuController::$bukuModel', 'C:\\Users\\loma\\Parenthesis Library Project\\Backend Library\\app\\Controllers\\BukuController.php', 19)
 2 SYSTEMPATH\CodeIgniter.php(951): App\Controllers\BukuController->index()
 3 SYSTEMPATH\CodeIgniter.php(497): CodeIgniter\CodeIgniter->runController(Object(App\Controllers\BukuController))
 4 SYSTEMPATH\CodeIgniter.php(340): CodeIgniter\CodeIgniter->handleRequest(null, Object(Config\Cache), false)
 5 SYSTEMPATH\Boot.php(417): CodeIgniter\CodeIgniter->run()
 6 SYSTEMPATH\Boot.php(68): CodeIgniter\Boot::runCodeIgniter(Object(CodeIgniter\CodeIgniter))
 7 FCPATH\index.php(70): CodeIgniter\Boot::bootWeb(Object(Config\Paths))
 8 SYSTEMPATH\rewrite.php(44): require_once('C:\\Users\\loma\\Parenthesis Library Project\\Backend Library\\public\\index.php')
CRITICAL - 2026-05-20 10:41:47 --> ErrorException: Undefined property: App\Controllers\BukuController::$bukuModel
[Method: GET, Route: api/buku]
in APPPATH\Controllers\BukuController.php on line 19.
 1 APPPATH\Controllers\BukuController.php(19): CodeIgniter\Debug\Exceptions->errorHandler(2, 'Undefined property: App\\Controllers\\BukuController::$bukuModel', 'C:\\Users\\loma\\Parenthesis Library Project\\Backend Library\\app\\Controllers\\BukuController.php', 19)
 2 SYSTEMPATH\CodeIgniter.php(951): App\Controllers\BukuController->index()
 3 SYSTEMPATH\CodeIgniter.php(497): CodeIgniter\CodeIgniter->runController(Object(App\Controllers\BukuController))
 4 SYSTEMPATH\CodeIgniter.php(340): CodeIgniter\CodeIgniter->handleRequest(null, Object(Config\Cache), false)
 5 SYSTEMPATH\Boot.php(417): CodeIgniter\CodeIgniter->run()
 6 SYSTEMPATH\Boot.php(68): CodeIgniter\Boot::runCodeIgniter(Object(CodeIgniter\CodeIgniter))
 7 FCPATH\index.php(70): CodeIgniter\Boot::bootWeb(Object(Config\Paths))
 8 SYSTEMPATH\rewrite.php(44): require_once('C:\\Users\\loma\\Parenthesis Library Project\\Backend Library\\public\\index.php')
CRITICAL - 2026-05-20 10:41:48 --> ErrorException: Undefined property: App\Controllers\BukuController::$bukuModel
[Method: GET, Route: api/buku]
in APPPATH\Controllers\BukuController.php on line 19.
 1 APPPATH\Controllers\BukuController.php(19): CodeIgniter\Debug\Exceptions->errorHandler(2, 'Undefined property: App\\Controllers\\BukuController::$bukuModel', 'C:\\Users\\loma\\Parenthesis Library Project\\Backend Library\\app\\Controllers\\BukuController.php', 19)
 2 SYSTEMPATH\CodeIgniter.php(951): App\Controllers\BukuController->index()
 3 SYSTEMPATH\CodeIgniter.php(497): CodeIgniter\CodeIgniter->runController(Object(App\Controllers\BukuController))
 4 SYSTEMPATH\CodeIgniter.php(340): CodeIgniter\CodeIgniter->handleRequest(null, Object(Config\Cache), false)
 5 SYSTEMPATH\Boot.php(417): CodeIgniter\CodeIgniter->run()
 6 SYSTEMPATH\Boot.php(68): CodeIgniter\Boot::runCodeIgniter(Object(CodeIgniter\CodeIgniter))
 7 FCPATH\index.php(70): CodeIgniter\Boot::bootWeb(Object(Config\Paths))
 8 SYSTEMPATH\rewrite.php(44): require_once('C:\\Users\\loma\\Parenthesis Library Project\\Backend Library\\public\\index.php')
CRITICAL - 2026-05-20 10:41:48 --> ErrorException: Undefined property: App\Controllers\BukuController::$bukuModel
[Method: GET, Route: api/buku]
in APPPATH\Controllers\BukuController.php on line 19.
 1 APPPATH\Controllers\BukuController.php(19): CodeIgniter\Debug\Exceptions->errorHandler(2, 'Undefined property: App\\Controllers\\BukuController::$bukuModel', 'C:\\Users\\loma\\Parenthesis Library Project\\Backend Library\\app\\Controllers\\BukuController.php', 19)
 2 SYSTEMPATH\CodeIgniter.php(951): App\Controllers\BukuController->index()
 3 SYSTEMPATH\CodeIgniter.php(497): CodeIgniter\CodeIgniter->runController(Object(App\Controllers\BukuController))
 4 SYSTEMPATH\CodeIgniter.php(340): CodeIgniter\CodeIgniter->handleRequest(null, Object(Config\Cache), false)
 5 SYSTEMPATH\Boot.php(417): CodeIgniter\CodeIgniter->run()
 6 SYSTEMPATH\Boot.php(68): CodeIgniter\Boot::runCodeIgniter(Object(CodeIgniter\CodeIgniter))
 7 FCPATH\index.php(70): CodeIgniter\Boot::bootWeb(Object(Config\Paths))
 8 SYSTEMPATH\rewrite.php(44): require_once('C:\\Users\\loma\\Parenthesis Library Project\\Backend Library\\public\\index.php')
CRITICAL - 2026-05-20 10:41:49 --> ErrorException: Undefined property: App\Controllers\BukuController::$bukuModel
[Method: GET, Route: api/buku]
in APPPATH\Controllers\BukuController.php on line 19.
 1 APPPATH\Controllers\BukuController.php(19): CodeIgniter\Debug\Exceptions->errorHandler(2, 'Undefined property: App\\Controllers\\BukuController::$bukuModel', 'C:\\Users\\loma\\Parenthesis Library Project\\Backend Library\\app\\Controllers\\BukuController.php', 19)
 2 SYSTEMPATH\CodeIgniter.php(951): App\Controllers\BukuController->index()
 3 SYSTEMPATH\CodeIgniter.php(497): CodeIgniter\CodeIgniter->runController(Object(App\Controllers\BukuController))
 4 SYSTEMPATH\CodeIgniter.php(340): CodeIgniter\CodeIgniter->handleRequest(null, Object(Config\Cache), false)
 5 SYSTEMPATH\Boot.php(417): CodeIgniter\CodeIgniter->run()
 6 SYSTEMPATH\Boot.php(68): CodeIgniter\Boot::runCodeIgniter(Object(CodeIgniter\CodeIgniter))
 7 FCPATH\index.php(70): CodeIgniter\Boot::bootWeb(Object(Config\Paths))
 8 SYSTEMPATH\rewrite.php(44): require_once('C:\\Users\\loma\\Parenthesis Library Project\\Backend Library\\public\\index.php')
CRITICAL - 2026-05-20 10:41:49 --> ErrorException: Undefined property: App\Controllers\BukuController::$bukuModel
[Method: GET, Route: api/buku]
in APPPATH\Controllers\BukuController.php on line 19.
 1 APPPATH\Controllers\BukuController.php(19): CodeIgniter\Debug\Exceptions->errorHandler(2, 'Undefined property: App\\Controllers\\BukuController::$bukuModel', 'C:\\Users\\loma\\Parenthesis Library Project\\Backend Library\\app\\Controllers\\BukuController.php', 19)
 2 SYSTEMPATH\CodeIgniter.php(951): App\Controllers\BukuController->index()
 3 SYSTEMPATH\CodeIgniter.php(497): CodeIgniter\CodeIgniter->runController(Object(App\Controllers\BukuController))
 4 SYSTEMPATH\CodeIgniter.php(340): CodeIgniter\CodeIgniter->handleRequest(null, Object(Config\Cache), false)
 5 SYSTEMPATH\Boot.php(417): CodeIgniter\CodeIgniter->run()
 6 SYSTEMPATH\Boot.php(68): CodeIgniter\Boot::runCodeIgniter(Object(CodeIgniter\CodeIgniter))
 7 FCPATH\index.php(70): CodeIgniter\Boot::bootWeb(Object(Config\Paths))
 8 SYSTEMPATH\rewrite.php(44): require_once('C:\\Users\\loma\\Parenthesis Library Project\\Backend Library\\public\\index.php')
CRITICAL - 2026-05-20 10:41:50 --> ErrorException: Undefined property: App\Controllers\BukuController::$bukuModel
[Method: GET, Route: api/buku]
in APPPATH\Controllers\BukuController.php on line 19.
 1 APPPATH\Controllers\BukuController.php(19): CodeIgniter\Debug\Exceptions->errorHandler(2, 'Undefined property: App\\Controllers\\BukuController::$bukuModel', 'C:\\Users\\loma\\Parenthesis Library Project\\Backend Library\\app\\Controllers\\BukuController.php', 19)
 2 SYSTEMPATH\CodeIgniter.php(951): App\Controllers\BukuController->index()
 3 SYSTEMPATH\CodeIgniter.php(497): CodeIgniter\CodeIgniter->runController(Object(App\Controllers\BukuController))
 4 SYSTEMPATH\CodeIgniter.php(340): CodeIgniter\CodeIgniter->handleRequest(null, Object(Config\Cache), false)
 5 SYSTEMPATH\Boot.php(417): CodeIgniter\CodeIgniter->run()
 6 SYSTEMPATH\Boot.php(68): CodeIgniter\Boot::runCodeIgniter(Object(CodeIgniter\CodeIgniter))
 7 FCPATH\index.php(70): CodeIgniter\Boot::bootWeb(Object(Config\Paths))
 8 SYSTEMPATH\rewrite.php(44): require_once('C:\\Users\\loma\\Parenthesis Library Project\\Backend Library\\public\\index.php')
CRITICAL - 2026-05-20 10:41:50 --> ErrorException: Undefined property: App\Controllers\BukuController::$bukuModel
[Method: GET, Route: api/buku]
in APPPATH\Controllers\BukuController.php on line 19.
 1 APPPATH\Controllers\BukuController.php(19): CodeIgniter\Debug\Exceptions->errorHandler(2, 'Undefined property: App\\Controllers\\BukuController::$bukuModel', 'C:\\Users\\loma\\Parenthesis Library Project\\Backend Library\\app\\Controllers\\BukuController.php', 19)
 2 SYSTEMPATH\CodeIgniter.php(951): App\Controllers\BukuController->index()
 3 SYSTEMPATH\CodeIgniter.php(497): CodeIgniter\CodeIgniter->runController(Object(App\Controllers\BukuController))
 4 SYSTEMPATH\CodeIgniter.php(340): CodeIgniter\CodeIgniter->handleRequest(null, Object(Config\Cache), false)
 5 SYSTEMPATH\Boot.php(417): CodeIgniter\CodeIgniter->run()
 6 SYSTEMPATH\Boot.php(68): CodeIgniter\Boot::runCodeIgniter(Object(CodeIgniter\CodeIgniter))
 7 FCPATH\index.php(70): CodeIgniter\Boot::bootWeb(Object(Config\Paths))
 8 SYSTEMPATH\rewrite.php(44): require_once('C:\\Users\\loma\\Parenthesis Library Project\\Backend Library\\public\\index.php')
CRITICAL - 2026-05-20 10:41:51 --> ErrorException: Undefined property: App\Controllers\BukuController::$bukuModel
[Method: GET, Route: api/buku]
in APPPATH\Controllers\BukuController.php on line 19.
 1 APPPATH\Controllers\BukuController.php(19): CodeIgniter\Debug\Exceptions->errorHandler(2, 'Undefined property: App\\Controllers\\BukuController::$bukuModel', 'C:\\Users\\loma\\Parenthesis Library Project\\Backend Library\\app\\Controllers\\BukuController.php', 19)
 2 SYSTEMPATH\CodeIgniter.php(951): App\Controllers\BukuController->index()
 3 SYSTEMPATH\CodeIgniter.php(497): CodeIgniter\CodeIgniter->runController(Object(App\Controllers\BukuController))
 4 SYSTEMPATH\CodeIgniter.php(340): CodeIgniter\CodeIgniter->handleRequest(null, Object(Config\Cache), false)
 5 SYSTEMPATH\Boot.php(417): CodeIgniter\CodeIgniter->run()
 6 SYSTEMPATH\Boot.php(68): CodeIgniter\Boot::runCodeIgniter(Object(CodeIgniter\CodeIgniter))
 7 FCPATH\index.php(70): CodeIgniter\Boot::bootWeb(Object(Config\Paths))
 8 SYSTEMPATH\rewrite.php(44): require_once('C:\\Users\\loma\\Parenthesis Library Project\\Backend Library\\public\\index.php')
CRITICAL - 2026-05-20 10:41:51 --> ErrorException: Undefined property: App\Controllers\BukuController::$bukuModel
[Method: GET, Route: api/buku]
in APPPATH\Controllers\BukuController.php on line 19.
 1 APPPATH\Controllers\BukuController.php(19): CodeIgniter\Debug\Exceptions->errorHandler(2, 'Undefined property: App\\Controllers\\BukuController::$bukuModel', 'C:\\Users\\loma\\Parenthesis Library Project\\Backend Library\\app\\Controllers\\BukuController.php', 19)
 2 SYSTEMPATH\CodeIgniter.php(951): App\Controllers\BukuController->index()
 3 SYSTEMPATH\CodeIgniter.php(497): CodeIgniter\CodeIgniter->runController(Object(App\Controllers\BukuController))
 4 SYSTEMPATH\CodeIgniter.php(340): CodeIgniter\CodeIgniter->handleRequest(null, Object(Config\Cache), false)
 5 SYSTEMPATH\Boot.php(417): CodeIgniter\CodeIgniter->run()
 6 SYSTEMPATH\Boot.php(68): CodeIgniter\Boot::runCodeIgniter(Object(CodeIgniter\CodeIgniter))
 7 FCPATH\index.php(70): CodeIgniter\Boot::bootWeb(Object(Config\Paths))
 8 SYSTEMPATH\rewrite.php(44): require_once('C:\\Users\\loma\\Parenthesis Library Project\\Backend Library\\public\\index.php')
